******************************************************************************
            TI ARM Clang Linker Unix v4.0.3                    
******************************************************************************
>> Linked Mon Jun  8 21:23:56 2026

OUTPUT FILE NAME:   <build/infinite_loop/infinite_loop.elf>
ENTRY POINT SYMBOL: "_c_int00_noinit_noargs"  address: 00000479


MEMORY CONFIGURATION

         name            origin    length      used     unused   attr    fill
----------------------  --------  ---------  --------  --------  ----  --------
  FLASH                 00000000   00040000  00000500  0003fb00  R  X
  SRAM                  20000000   00008000  00000100  00007f00  RW X
  BCR_CONFIG            41c00000   000000ff  00000000  000000ff  R   
  BSL_CONFIG            41c00100   00000080  00000000  00000080  R   


SEGMENT ALLOCATION MAP

run origin  load origin   length   init length attrs members
----------  ----------- ---------- ----------- ----- -------
00000000    00000000    00000500   00000500    r-x
  00000000    00000000    000000c0   000000c0    r-- .intvecs
  000000c0    000000c0    00000428   00000428    r-x .text
  000004e8    000004e8    00000018   00000018    r-- .rodata
20007f00    20007f00    00000100   00000000    rw-
  20007f00    20007f00    00000100   00000000    rw- .stack


SECTION ALLOCATION MAP

 output                                  attributes/
section   page    origin      length       input sections
--------  ----  ----------  ----------   ----------------
.intvecs   0    00000000    000000c0     
                  00000000    000000c0     startup_mspm0l222x_ticlang.o (.intvecs)

.text      0    000000c0    00000428     
                  000000c0    000000b4     stubs.o (.text.init_device)
                  00000174    00000088     stubs.o (.text._read)
                  000001fc    00000088     stubs.o (.text._write)
                  00000284    00000080     driverlib.a : dl_uart.o (.text.DL_UART_configBaudRate)
                  00000304    00000070     main.o (.text.main)
                  00000374    00000048     driverlib.a : dl_uart.o (.text.DL_UART_init)
                  000003bc    00000040     libclang_rt.builtins.a : aeabi_uidivmod.S.obj (.text.__aeabi_uidivmod)
                  000003fc    00000030     driverlib.a : dl_uart.o (.text.DL_UART_transmitDataBlocking)
                  0000042c    0000002c     pwned.o (.text.pwned)
                  00000458    00000020     driverlib.a : dl_uart.o (.text.DL_UART_receiveDataBlocking)
                  00000478    00000020     libc.a : boot_cortex_m.c.obj (.text:_c_int00_noinit_noargs)
                  00000498    00000018     stubs.o (.text.led_blip)
                  000004b0    00000012     driverlib.a : dl_uart.o (.text.DL_UART_setClockConfig)
                  000004c2    0000000a                 : dl_common.o (.text.DL_Common_delayCycles)
                  000004cc    00000006     libc.a : exit.c.obj (.text:abort)
                  000004d2    00000004     libsysbm.a : hostexit.c.obj (.text.HOSTexit)
                  000004d6    00000004     startup_mspm0l222x_ticlang.o (.text.Reset_Handler)
                  000004da    00000004     libc.a : pre_init.c.obj (.text._system_pre_init)
                  000004de    00000002     startup_mspm0l222x_ticlang.o (.text.Default_Handler)
                  000004e0    00000002     libclang_rt.builtins.a : aeabi_div0.c.obj (.text.__aeabi_idiv0)
                  000004e2    00000006     --HOLE-- [fill = 0]

.cinit     0    00000000    00000000     

.rodata    0    000004e8    00000018     
                  000004e8    00000011     main.o (.rodata.str1.15159059442110792349.1)
                  000004f9    00000007     pwned.o (.rodata.str1.15224374608078079005.1)

.init_array 
*          0    00000000    00000000     UNINITIALIZED

.binit     0    00000000    00000000     

.stack     0    20007f00    00000100     UNINITIALIZED
                  20007f00    00000004     libc.a : boot_cortex_m.c.obj (.stack)
                  20007f04    000000fc     --HOLE--

__llvm_prf_cnts 
*          0    20000000    00000000     UNINITIALIZED

__llvm_prf_bits 
*          0    20000000    00000000     UNINITIALIZED

MODULE SUMMARY

       Module                         code   ro data   rw data
       ------                         ----   -------   -------
    build/infinite_loop/
       main.o                         112    17        0      
    +--+------------------------------+------+---------+---------+
       Total:                         112    17        0      
                                                              
    build/shared/
       stubs.o                        476    0         0      
       startup_mspm0l222x_ticlang.o   6      192       0      
       pwned.o                        44     7         0      
    +--+------------------------------+------+---------+---------+
       Total:                         526    199       0      
                                                              
    /opt/mspm0-sdk-mspm0_sdk_2_06_00_05/source/ti/driverlib/lib/ticlang/m0p/mspm0l122x_l222x/driverlib.a
       dl_uart.o                      298    0         0      
       dl_common.o                    10     0         0      
    +--+------------------------------+------+---------+---------+
       Total:                         308    0         0      
                                                              
    /opt/ti-cgt-armllvm_4.0.3.LTS/lib/armv6m-ti-none-eabi/c/libc.a
       boot_cortex_m.c.obj            32     0         0      
       exit.c.obj                     6      0         0      
       pre_init.c.obj                 4      0         0      
    +--+------------------------------+------+---------+---------+
       Total:                         42     0         0      
                                                              
    /opt/ti-cgt-armllvm_4.0.3.LTS/lib/armv6m-ti-none-eabi/c/libsysbm.a
       hostexit.c.obj                 4      0         0      
    +--+------------------------------+------+---------+---------+
       Total:                         4      0         0      
                                                              
    /opt/ti-cgt-armllvm_4.0.3.LTS/lib/armv6m-ti-none-eabi/libclang_rt.builtins.a
       aeabi_uidivmod.S.obj           64     0         0      
       aeabi_div0.c.obj               2      0         0      
    +--+------------------------------+------+---------+---------+
       Total:                         66     0         0      
                                                              
       Stack:                         0      0         256    
    +--+------------------------------+------+---------+---------+
       Grand Total:                   1058   216       256    


GLOBAL SYMBOLS: SORTED ALPHABETICALLY BY Name 

address   name                        
-------   ----                        
000004df  ADC0_IRQHandler             
000004df  AESADV_IRQHandler           
000004d2  C$$EXIT                     
000004c3  DL_Common_delayCycles       
00000285  DL_UART_configBaudRate      
00000375  DL_UART_init                
00000459  DL_UART_receiveDataBlocking 
000004b1  DL_UART_setClockConfig      
000003fd  DL_UART_transmitDataBlocking
000004df  DMA_IRQHandler              
000004df  Default_Handler             
000004df  GROUP0_IRQHandler           
000004df  GROUP1_IRQHandler           
000004d3  HOSTexit                    
000004df  HardFault_Handler           
000004df  I2C0_IRQHandler             
000004df  I2C1_IRQHandler             
000004df  I2C2_IRQHandler             
000004df  LCD_IRQHandler              
000004df  LFSS_IRQHandler             
000004df  NMI_Handler                 
000004df  PendSV_Handler              
000004d7  Reset_Handler               
000004df  SPI0_IRQHandler             
000004df  SPI1_IRQHandler             
000004df  SVC_Handler                 
000004df  SysTick_Handler             
000004df  TIMA0_IRQHandler            
000004df  TIMG0_IRQHandler            
000004df  TIMG12_IRQHandler           
000004df  TIMG4_IRQHandler            
000004df  TIMG5_IRQHandler            
000004df  TIMG8_IRQHandler            
000004df  UART0_IRQHandler            
000004df  UART1_IRQHandler            
000004df  UART2_IRQHandler            
000004df  UART3_IRQHandler            
000004df  UART4_IRQHandler            
20008000  __STACK_END                 
00000100  __STACK_SIZE                
00000000  __TI_ATRegion0_region_sz    
00000000  __TI_ATRegion0_src_addr     
00000000  __TI_ATRegion0_trg_addr     
00000000  __TI_ATRegion1_region_sz    
00000000  __TI_ATRegion1_src_addr     
00000000  __TI_ATRegion1_trg_addr     
00000000  __TI_ATRegion2_region_sz    
00000000  __TI_ATRegion2_src_addr     
00000000  __TI_ATRegion2_trg_addr     
00000000  __TI_CINIT_Base             
00000000  __TI_CINIT_Limit            
00000000  __TI_CINIT_Warm             
ffffffff  __TI_pprof_out_hndl         
ffffffff  __TI_prof_data_size         
ffffffff  __TI_prof_data_start        
00000000  __TI_static_base__          
000004e1  __aeabi_idiv0               
000003bd  __aeabi_uidiv               
000003bd  __aeabi_uidivmod            
ffffffff  __binit__                   
UNDEFED   __mpu_init                  
20007f00  __stack                     
20000000  __start___llvm_prf_bits     
20000000  __start___llvm_prf_cnts     
20000000  __stop___llvm_prf_bits      
20000000  __stop___llvm_prf_cnts      
00000479  _c_int00_noinit_noargs      
00000175  _read                       
000004db  _system_pre_init            
000001fd  _write                      
000004cd  abort                       
ffffffff  binit                       
000000c1  init_device                 
00000000  interruptVectors            
00000499  led_blip                    
00000305  main                        
0000042d  pwned                       


GLOBAL SYMBOLS: SORTED BY Symbol Address 

address   name                        
-------   ----                        
00000000  __TI_ATRegion0_region_sz    
00000000  __TI_ATRegion0_src_addr     
00000000  __TI_ATRegion0_trg_addr     
00000000  __TI_ATRegion1_region_sz    
00000000  __TI_ATRegion1_src_addr     
00000000  __TI_ATRegion1_trg_addr     
00000000  __TI_ATRegion2_region_sz    
00000000  __TI_ATRegion2_src_addr     
00000000  __TI_ATRegion2_trg_addr     
00000000  __TI_CINIT_Base             
00000000  __TI_CINIT_Limit            
00000000  __TI_CINIT_Warm             
00000000  __TI_static_base__          
00000000  interruptVectors            
000000c1  init_device                 
00000100  __STACK_SIZE                
00000175  _read                       
000001fd  _write                      
00000285  DL_UART_configBaudRate      
00000305  main                        
00000375  DL_UART_init                
000003bd  __aeabi_uidiv               
000003bd  __aeabi_uidivmod            
000003fd  DL_UART_transmitDataBlocking
0000042d  pwned                       
00000459  DL_UART_receiveDataBlocking 
00000479  _c_int00_noinit_noargs      
00000499  led_blip                    
000004b1  DL_UART_setClockConfig      
000004c3  DL_Common_delayCycles       
000004cd  abort                       
000004d2  C$$EXIT                     
000004d3  HOSTexit                    
000004d7  Reset_Handler               
000004db  _system_pre_init            
000004df  ADC0_IRQHandler             
000004df  AESADV_IRQHandler           
000004df  DMA_IRQHandler              
000004df  Default_Handler             
000004df  GROUP0_IRQHandler           
000004df  GROUP1_IRQHandler           
000004df  HardFault_Handler           
000004df  I2C0_IRQHandler             
000004df  I2C1_IRQHandler             
000004df  I2C2_IRQHandler             
000004df  LCD_IRQHandler              
000004df  LFSS_IRQHandler             
000004df  NMI_Handler                 
000004df  PendSV_Handler              
000004df  SPI0_IRQHandler             
000004df  SPI1_IRQHandler             
000004df  SVC_Handler                 
000004df  SysTick_Handler             
000004df  TIMA0_IRQHandler            
000004df  TIMG0_IRQHandler            
000004df  TIMG12_IRQHandler           
000004df  TIMG4_IRQHandler            
000004df  TIMG5_IRQHandler            
000004df  TIMG8_IRQHandler            
000004df  UART0_IRQHandler            
000004df  UART1_IRQHandler            
000004df  UART2_IRQHandler            
000004df  UART3_IRQHandler            
000004df  UART4_IRQHandler            
000004e1  __aeabi_idiv0               
20000000  __start___llvm_prf_bits     
20000000  __start___llvm_prf_cnts     
20000000  __stop___llvm_prf_bits      
20000000  __stop___llvm_prf_cnts      
20007f00  __stack                     
20008000  __STACK_END                 
ffffffff  __TI_pprof_out_hndl         
ffffffff  __TI_prof_data_size         
ffffffff  __TI_prof_data_start        
ffffffff  __binit__                   
ffffffff  binit                       
UNDEFED   __mpu_init                  

[77 symbols]
