******************************************************************************
            TI ARM Clang Linker Unix v4.0.3                    
******************************************************************************
>> Linked Fri Jun  5 19:47:48 2026

OUTPUT FILE NAME:   <build/infinite_loop/infinite_loop.elf>
ENTRY POINT SYMBOL: "_c_int00_noinit_noargs"  address: 0000044d


MEMORY CONFIGURATION

         name            origin    length      used     unused   attr    fill
----------------------  --------  ---------  --------  --------  ----  --------
  FLASH                 00000000   00040000  000004e0  0003fb20  R  X
  SRAM                  20000000   00008000  00000100  00007f00  RW X
  BCR_CONFIG            41c00000   000000ff  00000000  000000ff  R   
  BSL_CONFIG            41c00100   00000080  00000000  00000080  R   


SEGMENT ALLOCATION MAP

run origin  load origin   length   init length attrs members
----------  ----------- ---------- ----------- ----- -------
00000000    00000000    000004e0   000004e0    r-x
  00000000    00000000    000000c0   000000c0    r-- .intvecs
  000000c0    000000c0    00000408   00000408    r-x .text
  000004c8    000004c8    00000018   00000018    r-- .rodata
20007f00    20007f00    00000100   00000000    rw-
  20007f00    20007f00    00000100   00000000    rw- .stack


SECTION ALLOCATION MAP

 output                                  attributes/
section   page    origin      length       input sections
--------  ----  ----------  ----------   ----------------
.intvecs   0    00000000    000000c0     
                  00000000    000000c0     startup_mspm0l222x_ticlang.o (.intvecs)

.text      0    000000c0    00000408     
                  000000c0    000000b4     stubs.o (.text.init_device)
                  00000174    00000088     stubs.o (.text._read)
                  000001fc    00000088     stubs.o (.text._write)
                  00000284    00000080     driverlib.a : dl_uart.o (.text.DL_UART_configBaudRate)
                  00000304    00000070     main.o (.text.main)
                  00000374    00000048     driverlib.a : dl_uart.o (.text.DL_UART_init)
                  000003bc    00000040     libclang_rt.builtins.a : aeabi_uidivmod.S.obj (.text.__aeabi_uidivmod)
                  000003fc    00000030     driverlib.a : dl_uart.o (.text.DL_UART_transmitDataBlocking)
                  0000042c    00000020                 : dl_uart.o (.text.DL_UART_receiveDataBlocking)
                  0000044c    00000020     libc.a : boot_cortex_m.c.obj (.text:_c_int00_noinit_noargs)
                  0000046c    00000018     stubs.o (.text.led_blip)
                  00000484    00000012     driverlib.a : dl_uart.o (.text.DL_UART_setClockConfig)
                  00000496    00000002     startup_mspm0l222x_ticlang.o (.text.Default_Handler)
                  00000498    00000010     pwned.o (.text.pwned)
                  000004a8    0000000a     driverlib.a : dl_common.o (.text.DL_Common_delayCycles)
                  000004b2    00000006     libc.a : exit.c.obj (.text:abort)
                  000004b8    00000004     libsysbm.a : hostexit.c.obj (.text.HOSTexit)
                  000004bc    00000004     startup_mspm0l222x_ticlang.o (.text.Reset_Handler)
                  000004c0    00000004     libc.a : pre_init.c.obj (.text._system_pre_init)
                  000004c4    00000002     libclang_rt.builtins.a : aeabi_div0.c.obj (.text.__aeabi_idiv0)
                  000004c6    00000002     --HOLE-- [fill = 0]

.cinit     0    00000000    00000000     

.rodata    0    000004c8    00000018     
                  000004c8    00000011     main.o (.rodata.str1.15159059442110792349.1)
                  000004d9    00000007     pwned.o (.rodata.str1.15224374608078079005.1)

.init_array 
*          0    00000000    00000000     UNINITIALIZED

.binit     0    00000000    00000000     

.stack     0    20007f00    00000100     UNINITIALIZED
                  20007f00    00000004     libc.a : boot_cortex_m.c.obj (.stack)
                  20007f04    000000fc     --HOLE--

__llvm_prf_cnts 
*          0    20000000    00000000     UNINITIALIZED

__llvm_prf_bits 
*          0    20000000    00000000     UNINITIALIZED

MODULE SUMMARY

       Module                         code   ro data   rw data
       ------                         ----   -------   -------
    build/infinite_loop/
       main.o                         112    17        0      
    +--+------------------------------+------+---------+---------+
       Total:                         112    17        0      
                                                              
    build/shared/
       stubs.o                        476    0         0      
       startup_mspm0l222x_ticlang.o   6      192       0      
       pwned.o                        16     7         0      
    +--+------------------------------+------+---------+---------+
       Total:                         498    199       0      
                                                              
    /opt/mspm0-sdk-mspm0_sdk_2_06_00_05/source/ti/driverlib/lib/ticlang/m0p/mspm0l122x_l222x/driverlib.a
       dl_uart.o                      298    0         0      
       dl_common.o                    10     0         0      
    +--+------------------------------+------+---------+---------+
       Total:                         308    0         0      
                                                              
    /opt/ti-cgt-armllvm_4.0.3.LTS/lib/armv6m-ti-none-eabi/c/libc.a
       boot_cortex_m.c.obj            32     0         0      
       exit.c.obj                     6      0         0      
       pre_init.c.obj                 4      0         0      
    +--+------------------------------+------+---------+---------+
       Total:                         42     0         0      
                                                              
    /opt/ti-cgt-armllvm_4.0.3.LTS/lib/armv6m-ti-none-eabi/c/libsysbm.a
       hostexit.c.obj                 4      0         0      
    +--+------------------------------+------+---------+---------+
       Total:                         4      0         0      
                                                              
    /opt/ti-cgt-armllvm_4.0.3.LTS/lib/armv6m-ti-none-eabi/libclang_rt.builtins.a
       aeabi_uidivmod.S.obj           64     0         0      
       aeabi_div0.c.obj               2      0         0      
    +--+------------------------------+------+---------+---------+
       Total:                         66     0         0      
                                                              
       Stack:                         0      0         256    
    +--+------------------------------+------+---------+---------+
       Grand Total:                   1030   216       256    


GLOBAL SYMBOLS: SORTED ALPHABETICALLY BY Name 

address   name                        
-------   ----                        
00000497  ADC0_IRQHandler             
00000497  AESADV_IRQHandler           
000004b8  C$$EXIT                     
000004a9  DL_Common_delayCycles       
00000285  DL_UART_configBaudRate      
00000375  DL_UART_init                
0000042d  DL_UART_receiveDataBlocking 
00000485  DL_UART_setClockConfig      
000003fd  DL_UART_transmitDataBlocking
00000497  DMA_IRQHandler              
00000497  Default_Handler             
00000497  GROUP0_IRQHandler           
00000497  GROUP1_IRQHandler           
000004b9  HOSTexit                    
00000497  HardFault_Handler           
00000497  I2C0_IRQHandler             
00000497  I2C1_IRQHandler             
00000497  I2C2_IRQHandler             
00000497  LCD_IRQHandler              
00000497  LFSS_IRQHandler             
00000497  NMI_Handler                 
00000497  PendSV_Handler              
000004bd  Reset_Handler               
00000497  SPI0_IRQHandler             
00000497  SPI1_IRQHandler             
00000497  SVC_Handler                 
00000497  SysTick_Handler             
00000497  TIMA0_IRQHandler            
00000497  TIMG0_IRQHandler            
00000497  TIMG12_IRQHandler           
00000497  TIMG4_IRQHandler            
00000497  TIMG5_IRQHandler            
00000497  TIMG8_IRQHandler            
00000497  UART0_IRQHandler            
00000497  UART1_IRQHandler            
00000497  UART2_IRQHandler            
00000497  UART3_IRQHandler            
00000497  UART4_IRQHandler            
20008000  __STACK_END                 
00000100  __STACK_SIZE                
00000000  __TI_ATRegion0_region_sz    
00000000  __TI_ATRegion0_src_addr     
00000000  __TI_ATRegion0_trg_addr     
00000000  __TI_ATRegion1_region_sz    
00000000  __TI_ATRegion1_src_addr     
00000000  __TI_ATRegion1_trg_addr     
00000000  __TI_ATRegion2_region_sz    
00000000  __TI_ATRegion2_src_addr     
00000000  __TI_ATRegion2_trg_addr     
00000000  __TI_CINIT_Base             
00000000  __TI_CINIT_Limit            
00000000  __TI_CINIT_Warm             
ffffffff  __TI_pprof_out_hndl         
ffffffff  __TI_prof_data_size         
ffffffff  __TI_prof_data_start        
00000000  __TI_static_base__          
000004c5  __aeabi_idiv0               
000003bd  __aeabi_uidiv               
000003bd  __aeabi_uidivmod            
ffffffff  __binit__                   
UNDEFED   __mpu_init                  
20007f00  __stack                     
20000000  __start___llvm_prf_bits     
20000000  __start___llvm_prf_cnts     
20000000  __stop___llvm_prf_bits      
20000000  __stop___llvm_prf_cnts      
0000044d  _c_int00_noinit_noargs      
00000175  _read                       
000004c1  _system_pre_init            
000001fd  _write                      
000004b3  abort                       
ffffffff  binit                       
000000c1  init_device                 
00000000  interruptVectors            
0000046d  led_blip                    
00000305  main                        
00000499  pwned                       


GLOBAL SYMBOLS: SORTED BY Symbol Address 

address   name                        
-------   ----                        
00000000  __TI_ATRegion0_region_sz    
00000000  __TI_ATRegion0_src_addr     
00000000  __TI_ATRegion0_trg_addr     
00000000  __TI_ATRegion1_region_sz    
00000000  __TI_ATRegion1_src_addr     
00000000  __TI_ATRegion1_trg_addr     
00000000  __TI_ATRegion2_region_sz    
00000000  __TI_ATRegion2_src_addr     
00000000  __TI_ATRegion2_trg_addr     
00000000  __TI_CINIT_Base             
00000000  __TI_CINIT_Limit            
00000000  __TI_CINIT_Warm             
00000000  __TI_static_base__          
00000000  interruptVectors            
000000c1  init_device                 
00000100  __STACK_SIZE                
00000175  _read                       
000001fd  _write                      
00000285  DL_UART_configBaudRate      
00000305  main                        
00000375  DL_UART_init                
000003bd  __aeabi_uidiv               
000003bd  __aeabi_uidivmod            
000003fd  DL_UART_transmitDataBlocking
0000042d  DL_UART_receiveDataBlocking 
0000044d  _c_int00_noinit_noargs      
0000046d  led_blip                    
00000485  DL_UART_setClockConfig      
00000497  ADC0_IRQHandler             
00000497  AESADV_IRQHandler           
00000497  DMA_IRQHandler              
00000497  Default_Handler             
00000497  GROUP0_IRQHandler           
00000497  GROUP1_IRQHandler           
00000497  HardFault_Handler           
00000497  I2C0_IRQHandler             
00000497  I2C1_IRQHandler             
00000497  I2C2_IRQHandler             
00000497  LCD_IRQHandler              
00000497  LFSS_IRQHandler             
00000497  NMI_Handler                 
00000497  PendSV_Handler              
00000497  SPI0_IRQHandler             
00000497  SPI1_IRQHandler             
00000497  SVC_Handler                 
00000497  SysTick_Handler             
00000497  TIMA0_IRQHandler            
00000497  TIMG0_IRQHandler            
00000497  TIMG12_IRQHandler           
00000497  TIMG4_IRQHandler            
00000497  TIMG5_IRQHandler            
00000497  TIMG8_IRQHandler            
00000497  UART0_IRQHandler            
00000497  UART1_IRQHandler            
00000497  UART2_IRQHandler            
00000497  UART3_IRQHandler            
00000497  UART4_IRQHandler            
00000499  pwned                       
000004a9  DL_Common_delayCycles       
000004b3  abort                       
000004b8  C$$EXIT                     
000004b9  HOSTexit                    
000004bd  Reset_Handler               
000004c1  _system_pre_init            
000004c5  __aeabi_idiv0               
20000000  __start___llvm_prf_bits     
20000000  __start___llvm_prf_cnts     
20000000  __stop___llvm_prf_bits      
20000000  __stop___llvm_prf_cnts      
20007f00  __stack                     
20008000  __STACK_END                 
ffffffff  __TI_pprof_out_hndl         
ffffffff  __TI_prof_data_size         
ffffffff  __TI_prof_data_start        
ffffffff  __binit__                   
ffffffff  binit                       
UNDEFED   __mpu_init                  

[77 symbols]
