******************************************************************************
            TI ARM Clang Linker Unix v4.0.3                    
******************************************************************************
>> Linked Sat Jun  6 12:32:03 2026

OUTPUT FILE NAME:   <build/aes_ecb/aes_ecb.elf>
ENTRY POINT SYMBOL: "_c_int00_noinit_noargs"  address: 00001b79


MEMORY CONFIGURATION

         name            origin    length      used     unused   attr    fill
----------------------  --------  ---------  --------  --------  ----  --------
  FLASH                 00000000   00040000  00001bf8  0003e408  R  X
  SRAM                  20000000   00008000  00000100  00007f00  RW X
  BCR_CONFIG            41c00000   000000ff  00000000  000000ff  R   
  BSL_CONFIG            41c00100   00000080  00000000  00000080  R   


SEGMENT ALLOCATION MAP

run origin  load origin   length   init length attrs members
----------  ----------- ---------- ----------- ----- -------
00000000    00000000    00001bf8   00001bf8    r-x
  00000000    00000000    000000c0   000000c0    r-- .intvecs
  000000c0    000000c0    00001450   00001450    r-- .rodata
  00001510    00001510    000006e8   000006e8    r-x .text
20007f00    20007f00    00000100   00000000    rw-
  20007f00    20007f00    00000100   00000000    rw- .stack


SECTION ALLOCATION MAP

 output                                  attributes/
section   page    origin      length       input sections
--------  ----  ----------  ----------   ----------------
.intvecs   0    00000000    000000c0     
                  00000000    000000c0     startup_mspm0l222x_ticlang.o (.intvecs)

.text      0    00001510    000006e8     
                  00001510    00000190     main.o (.text.AES_EncryptInit)
                  000016a0    00000178     main.o (.text.AES_DecryptInit)
                  00001818    000000b4     stubs.o (.text.init_device)
                  000018cc    00000088     stubs.o (.text._read)
                  00001954    00000088     stubs.o (.text._write)
                  000019dc    00000080     driverlib.a : dl_uart.o (.text.DL_UART_configBaudRate)
                  00001a5c    00000048                 : dl_uart.o (.text.DL_UART_init)
                  00001aa4    00000044     main.o (.text.main)
                  00001ae8    00000040     libclang_rt.builtins.a : aeabi_uidivmod.S.obj (.text.__aeabi_uidivmod)
                  00001b28    00000030     driverlib.a : dl_uart.o (.text.DL_UART_transmitDataBlocking)
                  00001b58    00000020                 : dl_uart.o (.text.DL_UART_receiveDataBlocking)
                  00001b78    00000020     libc.a : boot_cortex_m.c.obj (.text:_c_int00_noinit_noargs)
                  00001b98    00000018     stubs.o (.text.led_blip)
                  00001bb0    00000012     driverlib.a : dl_uart.o (.text.DL_UART_setClockConfig)
                  00001bc2    00000002     startup_mspm0l222x_ticlang.o (.text.Default_Handler)
                  00001bc4    00000010     pwned.o (.text.pwned)
                  00001bd4    0000000a     driverlib.a : dl_common.o (.text.DL_Common_delayCycles)
                  00001bde    00000006     libc.a : exit.c.obj (.text:abort)
                  00001be4    00000004     libsysbm.a : hostexit.c.obj (.text.HOSTexit)
                  00001be8    00000004     startup_mspm0l222x_ticlang.o (.text.Reset_Handler)
                  00001bec    00000004     libc.a : pre_init.c.obj (.text._system_pre_init)
                  00001bf0    00000002     libclang_rt.builtins.a : aeabi_div0.c.obj (.text.__aeabi_idiv0)
                  00001bf2    00000006     --HOLE-- [fill = 0]

.cinit     0    00000000    00000000     

.rodata    0    000000c0    00001450     
                  000000c0    00000400     main.o (.rodata.Td0)
                  000004c0    00000400     main.o (.rodata.Td1)
                  000008c0    00000400     main.o (.rodata.Td2)
                  00000cc0    00000400     main.o (.rodata.Td3)
                  000010c0    00000400     main.o (.rodata.Te4)
                  000014c0    00000028     main.o (.rodata.rcon)
                  000014e8    00000020     main.o (.rodata.cst32)
                  00001508    00000007     pwned.o (.rodata.str1.15224374608078079005.1)
                  0000150f    00000001     --HOLE-- [fill = 0]

.init_array 
*          0    00000000    00000000     UNINITIALIZED

.binit     0    00000000    00000000     

.stack     0    20007f00    00000100     UNINITIALIZED
                  20007f00    00000004     libc.a : boot_cortex_m.c.obj (.stack)
                  20007f04    000000fc     --HOLE--

__llvm_prf_cnts 
*          0    20000000    00000000     UNINITIALIZED

__llvm_prf_bits 
*          0    20000000    00000000     UNINITIALIZED

MODULE SUMMARY

       Module                         code   ro data   rw data
       ------                         ----   -------   -------
    build/aes_ecb/
       main.o                         844    5192      0      
    +--+------------------------------+------+---------+---------+
       Total:                         844    5192      0      
                                                              
    build/shared/
       stubs.o                        476    0         0      
       startup_mspm0l222x_ticlang.o   6      192       0      
       pwned.o                        16     7         0      
    +--+------------------------------+------+---------+---------+
       Total:                         498    199       0      
                                                              
    /opt/mspm0-sdk-mspm0_sdk_2_06_00_05/source/ti/driverlib/lib/ticlang/m0p/mspm0l122x_l222x/driverlib.a
       dl_uart.o                      298    0         0      
       dl_common.o                    10     0         0      
    +--+------------------------------+------+---------+---------+
       Total:                         308    0         0      
                                                              
    /opt/ti-cgt-armllvm_4.0.3.LTS/lib/armv6m-ti-none-eabi/c/libc.a
       boot_cortex_m.c.obj            32     0         0      
       exit.c.obj                     6      0         0      
       pre_init.c.obj                 4      0         0      
    +--+------------------------------+------+---------+---------+
       Total:                         42     0         0      
                                                              
    /opt/ti-cgt-armllvm_4.0.3.LTS/lib/armv6m-ti-none-eabi/c/libsysbm.a
       hostexit.c.obj                 4      0         0      
    +--+------------------------------+------+---------+---------+
       Total:                         4      0         0      
                                                              
    /opt/ti-cgt-armllvm_4.0.3.LTS/lib/armv6m-ti-none-eabi/libclang_rt.builtins.a
       aeabi_uidivmod.S.obj           64     0         0      
       aeabi_div0.c.obj               2      0         0      
    +--+------------------------------+------+---------+---------+
       Total:                         66     0         0      
                                                              
       Stack:                         0      0         256    
    +--+------------------------------+------+---------+---------+
       Grand Total:                   1762   5391      256    


GLOBAL SYMBOLS: SORTED ALPHABETICALLY BY Name 

address   name                        
-------   ----                        
00001bc3  ADC0_IRQHandler             
00001bc3  AESADV_IRQHandler           
000016a1  AES_DecryptInit             
00001511  AES_EncryptInit             
00001be4  C$$EXIT                     
00001bd5  DL_Common_delayCycles       
000019dd  DL_UART_configBaudRate      
00001a5d  DL_UART_init                
00001b59  DL_UART_receiveDataBlocking 
00001bb1  DL_UART_setClockConfig      
00001b29  DL_UART_transmitDataBlocking
00001bc3  DMA_IRQHandler              
00001bc3  Default_Handler             
00001bc3  GROUP0_IRQHandler           
00001bc3  GROUP1_IRQHandler           
00001be5  HOSTexit                    
00001bc3  HardFault_Handler           
00001bc3  I2C0_IRQHandler             
00001bc3  I2C1_IRQHandler             
00001bc3  I2C2_IRQHandler             
00001bc3  LCD_IRQHandler              
00001bc3  LFSS_IRQHandler             
00001bc3  NMI_Handler                 
00001bc3  PendSV_Handler              
00001be9  Reset_Handler               
00001bc3  SPI0_IRQHandler             
00001bc3  SPI1_IRQHandler             
00001bc3  SVC_Handler                 
00001bc3  SysTick_Handler             
00001bc3  TIMA0_IRQHandler            
00001bc3  TIMG0_IRQHandler            
00001bc3  TIMG12_IRQHandler           
00001bc3  TIMG4_IRQHandler            
00001bc3  TIMG5_IRQHandler            
00001bc3  TIMG8_IRQHandler            
00001bc3  UART0_IRQHandler            
00001bc3  UART1_IRQHandler            
00001bc3  UART2_IRQHandler            
00001bc3  UART3_IRQHandler            
00001bc3  UART4_IRQHandler            
20008000  __STACK_END                 
00000100  __STACK_SIZE                
00000000  __TI_ATRegion0_region_sz    
00000000  __TI_ATRegion0_src_addr     
00000000  __TI_ATRegion0_trg_addr     
00000000  __TI_ATRegion1_region_sz    
00000000  __TI_ATRegion1_src_addr     
00000000  __TI_ATRegion1_trg_addr     
00000000  __TI_ATRegion2_region_sz    
00000000  __TI_ATRegion2_src_addr     
00000000  __TI_ATRegion2_trg_addr     
00000000  __TI_CINIT_Base             
00000000  __TI_CINIT_Limit            
00000000  __TI_CINIT_Warm             
ffffffff  __TI_pprof_out_hndl         
ffffffff  __TI_prof_data_size         
ffffffff  __TI_prof_data_start        
00000000  __TI_static_base__          
00001bf1  __aeabi_idiv0               
00001ae9  __aeabi_uidiv               
00001ae9  __aeabi_uidivmod            
ffffffff  __binit__                   
UNDEFED   __mpu_init                  
20007f00  __stack                     
20000000  __start___llvm_prf_bits     
20000000  __start___llvm_prf_cnts     
20000000  __stop___llvm_prf_bits      
20000000  __stop___llvm_prf_cnts      
00001b79  _c_int00_noinit_noargs      
000018cd  _read                       
00001bed  _system_pre_init            
00001955  _write                      
00001bdf  abort                       
ffffffff  binit                       
00001819  init_device                 
00000000  interruptVectors            
00001b99  led_blip                    
00001aa5  main                        
00001bc5  pwned                       


GLOBAL SYMBOLS: SORTED BY Symbol Address 

address   name                        
-------   ----                        
00000000  __TI_ATRegion0_region_sz    
00000000  __TI_ATRegion0_src_addr     
00000000  __TI_ATRegion0_trg_addr     
00000000  __TI_ATRegion1_region_sz    
00000000  __TI_ATRegion1_src_addr     
00000000  __TI_ATRegion1_trg_addr     
00000000  __TI_ATRegion2_region_sz    
00000000  __TI_ATRegion2_src_addr     
00000000  __TI_ATRegion2_trg_addr     
00000000  __TI_CINIT_Base             
00000000  __TI_CINIT_Limit            
00000000  __TI_CINIT_Warm             
00000000  __TI_static_base__          
00000000  interruptVectors            
00000100  __STACK_SIZE                
00001511  AES_EncryptInit             
000016a1  AES_DecryptInit             
00001819  init_device                 
000018cd  _read                       
00001955  _write                      
000019dd  DL_UART_configBaudRate      
00001a5d  DL_UART_init                
00001aa5  main                        
00001ae9  __aeabi_uidiv               
00001ae9  __aeabi_uidivmod            
00001b29  DL_UART_transmitDataBlocking
00001b59  DL_UART_receiveDataBlocking 
00001b79  _c_int00_noinit_noargs      
00001b99  led_blip                    
00001bb1  DL_UART_setClockConfig      
00001bc3  ADC0_IRQHandler             
00001bc3  AESADV_IRQHandler           
00001bc3  DMA_IRQHandler              
00001bc3  Default_Handler             
00001bc3  GROUP0_IRQHandler           
00001bc3  GROUP1_IRQHandler           
00001bc3  HardFault_Handler           
00001bc3  I2C0_IRQHandler             
00001bc3  I2C1_IRQHandler             
00001bc3  I2C2_IRQHandler             
00001bc3  LCD_IRQHandler              
00001bc3  LFSS_IRQHandler             
00001bc3  NMI_Handler                 
00001bc3  PendSV_Handler              
00001bc3  SPI0_IRQHandler             
00001bc3  SPI1_IRQHandler             
00001bc3  SVC_Handler                 
00001bc3  SysTick_Handler             
00001bc3  TIMA0_IRQHandler            
00001bc3  TIMG0_IRQHandler            
00001bc3  TIMG12_IRQHandler           
00001bc3  TIMG4_IRQHandler            
00001bc3  TIMG5_IRQHandler            
00001bc3  TIMG8_IRQHandler            
00001bc3  UART0_IRQHandler            
00001bc3  UART1_IRQHandler            
00001bc3  UART2_IRQHandler            
00001bc3  UART3_IRQHandler            
00001bc3  UART4_IRQHandler            
00001bc5  pwned                       
00001bd5  DL_Common_delayCycles       
00001bdf  abort                       
00001be4  C$$EXIT                     
00001be5  HOSTexit                    
00001be9  Reset_Handler               
00001bed  _system_pre_init            
00001bf1  __aeabi_idiv0               
20000000  __start___llvm_prf_bits     
20000000  __start___llvm_prf_cnts     
20000000  __stop___llvm_prf_bits      
20000000  __stop___llvm_prf_cnts      
20007f00  __stack                     
20008000  __STACK_END                 
ffffffff  __TI_pprof_out_hndl         
ffffffff  __TI_prof_data_size         
ffffffff  __TI_prof_data_start        
ffffffff  __binit__                   
ffffffff  binit                       
UNDEFED   __mpu_init                  

[79 symbols]
