******************************************************************************
            TI ARM Clang Linker Unix v4.0.3                    
******************************************************************************
>> Linked Fri Jun  5 19:47:47 2026

OUTPUT FILE NAME:   <build/hello_world/hello_world.elf>
ENTRY POINT SYMBOL: "_c_int00_noinit_noargs"  address: 00000365


MEMORY CONFIGURATION

         name            origin    length      used     unused   attr    fill
----------------------  --------  ---------  --------  --------  ----  --------
  FLASH                 00000000   00040000  000003c8  0003fc38  R  X
  SRAM                  20000000   00008000  00000100  00007f00  RW X
  BCR_CONFIG            41c00000   000000ff  00000000  000000ff  R   
  BSL_CONFIG            41c00100   00000080  00000000  00000080  R   


SEGMENT ALLOCATION MAP

run origin  load origin   length   init length attrs members
----------  ----------- ---------- ----------- ----- -------
00000000    00000000    000003c8   000003c8    r-x
  00000000    00000000    000000c0   000000c0    r-- .intvecs
  000000c0    000000c0    000002f8   000002f8    r-x .text
  000003b8    000003b8    00000010   00000010    r-- .rodata
20007f00    20007f00    00000100   00000000    rw-
  20007f00    20007f00    00000100   00000000    rw- .stack


SECTION ALLOCATION MAP

 output                                  attributes/
section   page    origin      length       input sections
--------  ----  ----------  ----------   ----------------
.intvecs   0    00000000    000000c0     
                  00000000    000000c0     startup_mspm0l222x_ticlang.o (.intvecs)

.text      0    000000c0    000002f8     
                  000000c0    000000b4     stubs.o (.text.init_device)
                  00000174    00000088     stubs.o (.text._write)
                  000001fc    00000080     driverlib.a : dl_uart.o (.text.DL_UART_configBaudRate)
                  0000027c    00000048                 : dl_uart.o (.text.DL_UART_init)
                  000002c4    00000040     libclang_rt.builtins.a : aeabi_uidivmod.S.obj (.text.__aeabi_uidivmod)
                  00000304    00000030     driverlib.a : dl_uart.o (.text.DL_UART_transmitDataBlocking)
                  00000334    00000030     main.o (.text.main)
                  00000364    00000020     libc.a : boot_cortex_m.c.obj (.text:_c_int00_noinit_noargs)
                  00000384    00000012     driverlib.a : dl_uart.o (.text.DL_UART_setClockConfig)
                  00000396    0000000a                 : dl_common.o (.text.DL_Common_delayCycles)
                  000003a0    00000006     libc.a : exit.c.obj (.text:abort)
                  000003a6    00000004     libsysbm.a : hostexit.c.obj (.text.HOSTexit)
                  000003aa    00000004     startup_mspm0l222x_ticlang.o (.text.Reset_Handler)
                  000003ae    00000004     libc.a : pre_init.c.obj (.text._system_pre_init)
                  000003b2    00000002     startup_mspm0l222x_ticlang.o (.text.Default_Handler)
                  000003b4    00000002     libclang_rt.builtins.a : aeabi_div0.c.obj (.text.__aeabi_idiv0)
                  000003b6    00000002     --HOLE-- [fill = 0]

.cinit     0    00000000    00000000     

.rodata    0    000003b8    00000010     
                  000003b8    0000000e     main.o (.rodata.str1.15159059442110792349.1)
                  000003c6    00000002     --HOLE-- [fill = 0]

.init_array 
*          0    00000000    00000000     UNINITIALIZED

.binit     0    00000000    00000000     

.stack     0    20007f00    00000100     UNINITIALIZED
                  20007f00    00000004     libc.a : boot_cortex_m.c.obj (.stack)
                  20007f04    000000fc     --HOLE--

__llvm_prf_cnts 
*          0    20000000    00000000     UNINITIALIZED

__llvm_prf_bits 
*          0    20000000    00000000     UNINITIALIZED

MODULE SUMMARY

       Module                         code   ro data   rw data
       ------                         ----   -------   -------
    build/hello_world/
       main.o                         48     14        0      
    +--+------------------------------+------+---------+---------+
       Total:                         48     14        0      
                                                              
    build/shared/
       stubs.o                        316    0         0      
       startup_mspm0l222x_ticlang.o   6      192       0      
    +--+------------------------------+------+---------+---------+
       Total:                         322    192       0      
                                                              
    /opt/mspm0-sdk-mspm0_sdk_2_06_00_05/source/ti/driverlib/lib/ticlang/m0p/mspm0l122x_l222x/driverlib.a
       dl_uart.o                      266    0         0      
       dl_common.o                    10     0         0      
    +--+------------------------------+------+---------+---------+
       Total:                         276    0         0      
                                                              
    /opt/ti-cgt-armllvm_4.0.3.LTS/lib/armv6m-ti-none-eabi/c/libc.a
       boot_cortex_m.c.obj            32     0         0      
       exit.c.obj                     6      0         0      
       pre_init.c.obj                 4      0         0      
    +--+------------------------------+------+---------+---------+
       Total:                         42     0         0      
                                                              
    /opt/ti-cgt-armllvm_4.0.3.LTS/lib/armv6m-ti-none-eabi/c/libsysbm.a
       hostexit.c.obj                 4      0         0      
    +--+------------------------------+------+---------+---------+
       Total:                         4      0         0      
                                                              
    /opt/ti-cgt-armllvm_4.0.3.LTS/lib/armv6m-ti-none-eabi/libclang_rt.builtins.a
       aeabi_uidivmod.S.obj           64     0         0      
       aeabi_div0.c.obj               2      0         0      
    +--+------------------------------+------+---------+---------+
       Total:                         66     0         0      
                                                              
       Stack:                         0      0         256    
    +--+------------------------------+------+---------+---------+
       Grand Total:                   758    206       256    


GLOBAL SYMBOLS: SORTED ALPHABETICALLY BY Name 

address   name                        
-------   ----                        
000003b3  ADC0_IRQHandler             
000003b3  AESADV_IRQHandler           
000003a6  C$$EXIT                     
00000397  DL_Common_delayCycles       
000001fd  DL_UART_configBaudRate      
0000027d  DL_UART_init                
00000385  DL_UART_setClockConfig      
00000305  DL_UART_transmitDataBlocking
000003b3  DMA_IRQHandler              
000003b3  Default_Handler             
000003b3  GROUP0_IRQHandler           
000003b3  GROUP1_IRQHandler           
000003a7  HOSTexit                    
000003b3  HardFault_Handler           
000003b3  I2C0_IRQHandler             
000003b3  I2C1_IRQHandler             
000003b3  I2C2_IRQHandler             
000003b3  LCD_IRQHandler              
000003b3  LFSS_IRQHandler             
000003b3  NMI_Handler                 
000003b3  PendSV_Handler              
000003ab  Reset_Handler               
000003b3  SPI0_IRQHandler             
000003b3  SPI1_IRQHandler             
000003b3  SVC_Handler                 
000003b3  SysTick_Handler             
000003b3  TIMA0_IRQHandler            
000003b3  TIMG0_IRQHandler            
000003b3  TIMG12_IRQHandler           
000003b3  TIMG4_IRQHandler            
000003b3  TIMG5_IRQHandler            
000003b3  TIMG8_IRQHandler            
000003b3  UART0_IRQHandler            
000003b3  UART1_IRQHandler            
000003b3  UART2_IRQHandler            
000003b3  UART3_IRQHandler            
000003b3  UART4_IRQHandler            
20008000  __STACK_END                 
00000100  __STACK_SIZE                
00000000  __TI_ATRegion0_region_sz    
00000000  __TI_ATRegion0_src_addr     
00000000  __TI_ATRegion0_trg_addr     
00000000  __TI_ATRegion1_region_sz    
00000000  __TI_ATRegion1_src_addr     
00000000  __TI_ATRegion1_trg_addr     
00000000  __TI_ATRegion2_region_sz    
00000000  __TI_ATRegion2_src_addr     
00000000  __TI_ATRegion2_trg_addr     
00000000  __TI_CINIT_Base             
00000000  __TI_CINIT_Limit            
00000000  __TI_CINIT_Warm             
ffffffff  __TI_pprof_out_hndl         
ffffffff  __TI_prof_data_size         
ffffffff  __TI_prof_data_start        
00000000  __TI_static_base__          
000003b5  __aeabi_idiv0               
000002c5  __aeabi_uidiv               
000002c5  __aeabi_uidivmod            
ffffffff  __binit__                   
UNDEFED   __mpu_init                  
20007f00  __stack                     
20000000  __start___llvm_prf_bits     
20000000  __start___llvm_prf_cnts     
20000000  __stop___llvm_prf_bits      
20000000  __stop___llvm_prf_cnts      
00000365  _c_int00_noinit_noargs      
000003af  _system_pre_init            
00000175  _write                      
000003a1  abort                       
ffffffff  binit                       
000000c1  init_device                 
00000000  interruptVectors            
00000335  main                        


GLOBAL SYMBOLS: SORTED BY Symbol Address 

address   name                        
-------   ----                        
00000000  __TI_ATRegion0_region_sz    
00000000  __TI_ATRegion0_src_addr     
00000000  __TI_ATRegion0_trg_addr     
00000000  __TI_ATRegion1_region_sz    
00000000  __TI_ATRegion1_src_addr     
00000000  __TI_ATRegion1_trg_addr     
00000000  __TI_ATRegion2_region_sz    
00000000  __TI_ATRegion2_src_addr     
00000000  __TI_ATRegion2_trg_addr     
00000000  __TI_CINIT_Base             
00000000  __TI_CINIT_Limit            
00000000  __TI_CINIT_Warm             
00000000  __TI_static_base__          
00000000  interruptVectors            
000000c1  init_device                 
00000100  __STACK_SIZE                
00000175  _write                      
000001fd  DL_UART_configBaudRate      
0000027d  DL_UART_init                
000002c5  __aeabi_uidiv               
000002c5  __aeabi_uidivmod            
00000305  DL_UART_transmitDataBlocking
00000335  main                        
00000365  _c_int00_noinit_noargs      
00000385  DL_UART_setClockConfig      
00000397  DL_Common_delayCycles       
000003a1  abort                       
000003a6  C$$EXIT                     
000003a7  HOSTexit                    
000003ab  Reset_Handler               
000003af  _system_pre_init            
000003b3  ADC0_IRQHandler             
000003b3  AESADV_IRQHandler           
000003b3  DMA_IRQHandler              
000003b3  Default_Handler             
000003b3  GROUP0_IRQHandler           
000003b3  GROUP1_IRQHandler           
000003b3  HardFault_Handler           
000003b3  I2C0_IRQHandler             
000003b3  I2C1_IRQHandler             
000003b3  I2C2_IRQHandler             
000003b3  LCD_IRQHandler              
000003b3  LFSS_IRQHandler             
000003b3  NMI_Handler                 
000003b3  PendSV_Handler              
000003b3  SPI0_IRQHandler             
000003b3  SPI1_IRQHandler             
000003b3  SVC_Handler                 
000003b3  SysTick_Handler             
000003b3  TIMA0_IRQHandler            
000003b3  TIMG0_IRQHandler            
000003b3  TIMG12_IRQHandler           
000003b3  TIMG4_IRQHandler            
000003b3  TIMG5_IRQHandler            
000003b3  TIMG8_IRQHandler            
000003b3  UART0_IRQHandler            
000003b3  UART1_IRQHandler            
000003b3  UART2_IRQHandler            
000003b3  UART3_IRQHandler            
000003b3  UART4_IRQHandler            
000003b5  __aeabi_idiv0               
20000000  __start___llvm_prf_bits     
20000000  __start___llvm_prf_cnts     
20000000  __stop___llvm_prf_bits      
20000000  __stop___llvm_prf_cnts      
20007f00  __stack                     
20008000  __STACK_END                 
ffffffff  __TI_pprof_out_hndl         
ffffffff  __TI_prof_data_size         
ffffffff  __TI_prof_data_start        
ffffffff  __binit__                   
ffffffff  binit                       
UNDEFED   __mpu_init                  

[73 symbols]
