******************************************************************************
            TI ARM Clang Linker Unix v4.0.3                    
******************************************************************************
>> Linked Mon Jun  8 21:23:56 2026

OUTPUT FILE NAME:   <build/chacha20/chacha20.elf>
ENTRY POINT SYMBOL: "_c_int00_noinit_noargs"  address: 00000775


MEMORY CONFIGURATION

         name            origin    length      used     unused   attr    fill
----------------------  --------  ---------  --------  --------  ----  --------
  FLASH                 00000000   00040000  00000808  0003f7f8  R  X
  SRAM                  20000000   00008000  00000100  00007f00  RW X
  BCR_CONFIG            41c00000   000000ff  00000000  000000ff  R   
  BSL_CONFIG            41c00100   00000080  00000000  00000080  R   


SEGMENT ALLOCATION MAP

run origin  load origin   length   init length attrs members
----------  ----------- ---------- ----------- ----- -------
00000000    00000000    00000808   00000808    r-x
  00000000    00000000    000000c0   000000c0    r-- .intvecs
  000000c0    000000c0    00000720   00000720    r-x .text
  000007e0    000007e0    00000028   00000028    r-- .rodata
20007f00    20007f00    00000100   00000000    rw-
  20007f00    20007f00    00000100   00000000    rw- .stack


SECTION ALLOCATION MAP

 output                                  attributes/
section   page    origin      length       input sections
--------  ----  ----------  ----------   ----------------
.intvecs   0    00000000    000000c0     
                  00000000    000000c0     startup_mspm0l222x_ticlang.o (.intvecs)

.text      0    000000c0    00000720     
                  000000c0    000002ec     chacha20.o (.text.chacha20_xor)
                  000003ac    00000184     chacha20.o (.text.chacha20_init_context)
                  00000530    00000088     stubs.o (.text._read)
                  000005b8    00000088     stubs.o (.text._write)
                  00000640    00000078     main.o (.text.main)
                  000006b8    00000040     libclang_rt.builtins.a : aeabi_uidivmod.S.obj (.text.__aeabi_uidivmod)
                  000006f8    00000030     driverlib.a : dl_uart.o (.text.DL_UART_transmitDataBlocking)
                  00000728    0000002c     pwned.o (.text.pwned)
                  00000754    00000020     driverlib.a : dl_uart.o (.text.DL_UART_receiveDataBlocking)
                  00000774    00000020     libc.a : boot_cortex_m.c.obj (.text:_c_int00_noinit_noargs)
                  00000794    00000012            : memcpy16.S.obj (.text:TI_memcpy_small)
                  000007a6    0000000e            : memset16.S.obj (.text:TI_memset_small)
                  000007b4    0000000c     libclang_rt.builtins.a : aeabi_memset.S.obj (.text.__aeabi_memclr)
                  000007c0    00000008                            : aeabi_memcpy.S.obj (.text.__aeabi_memcpy)
                  000007c8    00000006     libc.a : exit.c.obj (.text:abort)
                  000007ce    00000004     libsysbm.a : hostexit.c.obj (.text.HOSTexit)
                  000007d2    00000004     startup_mspm0l222x_ticlang.o (.text.Reset_Handler)
                  000007d6    00000004     libc.a : pre_init.c.obj (.text._system_pre_init)
                  000007da    00000002     startup_mspm0l222x_ticlang.o (.text.Default_Handler)
                  000007dc    00000002     libclang_rt.builtins.a : aeabi_div0.c.obj (.text.__aeabi_idiv0)
                  000007de    00000002     --HOLE-- [fill = 0]

.cinit     0    00000000    00000000     

.rodata    0    000007e0    00000028     
                  000007e0    00000020     main.o (.rodata.cst32)
                  00000800    00000007     pwned.o (.rodata.str1.15224374608078079005.1)
                  00000807    00000001     --HOLE-- [fill = 0]

.init_array 
*          0    00000000    00000000     UNINITIALIZED

.binit     0    00000000    00000000     

.stack     0    20007f00    00000100     UNINITIALIZED
                  20007f00    00000004     libc.a : boot_cortex_m.c.obj (.stack)
                  20007f04    000000fc     --HOLE--

__llvm_prf_cnts 
*          0    20000000    00000000     UNINITIALIZED

__llvm_prf_bits 
*          0    20000000    00000000     UNINITIALIZED

MODULE SUMMARY

       Module                         code   ro data   rw data
       ------                         ----   -------   -------
    build/chacha20/
       chacha20.o                     1136   0         0      
       main.o                         120    32        0      
    +--+------------------------------+------+---------+---------+
       Total:                         1256   32        0      
                                                              
    build/shared/
       stubs.o                        272    0         0      
       startup_mspm0l222x_ticlang.o   6      192       0      
       pwned.o                        44     7         0      
    +--+------------------------------+------+---------+---------+
       Total:                         322    199       0      
                                                              
    /opt/mspm0-sdk-mspm0_sdk_2_06_00_05/source/ti/driverlib/lib/ticlang/m0p/mspm0l122x_l222x/driverlib.a
       dl_uart.o                      80     0         0      
    +--+------------------------------+------+---------+---------+
       Total:                         80     0         0      
                                                              
    /opt/ti-cgt-armllvm_4.0.3.LTS/lib/armv6m-ti-none-eabi/c/libc.a
       boot_cortex_m.c.obj            32     0         0      
       memcpy16.S.obj                 18     0         0      
       memset16.S.obj                 14     0         0      
       exit.c.obj                     6      0         0      
       pre_init.c.obj                 4      0         0      
    +--+------------------------------+------+---------+---------+
       Total:                         74     0         0      
                                                              
    /opt/ti-cgt-armllvm_4.0.3.LTS/lib/armv6m-ti-none-eabi/c/libsysbm.a
       hostexit.c.obj                 4      0         0      
    +--+------------------------------+------+---------+---------+
       Total:                         4      0         0      
                                                              
    /opt/ti-cgt-armllvm_4.0.3.LTS/lib/armv6m-ti-none-eabi/libclang_rt.builtins.a
       aeabi_uidivmod.S.obj           64     0         0      
       aeabi_memset.S.obj             12     0         0      
       aeabi_memcpy.S.obj             8      0         0      
       aeabi_div0.c.obj               2      0         0      
    +--+------------------------------+------+---------+---------+
       Total:                         86     0         0      
                                                              
       Stack:                         0      0         256    
    +--+------------------------------+------+---------+---------+
       Grand Total:                   1822   231       256    


GLOBAL SYMBOLS: SORTED ALPHABETICALLY BY Name 

address   name                        
-------   ----                        
000007db  ADC0_IRQHandler             
000007db  AESADV_IRQHandler           
000007ce  C$$EXIT                     
00000755  DL_UART_receiveDataBlocking 
000006f9  DL_UART_transmitDataBlocking
000007db  DMA_IRQHandler              
000007db  Default_Handler             
000007db  GROUP0_IRQHandler           
000007db  GROUP1_IRQHandler           
000007cf  HOSTexit                    
000007db  HardFault_Handler           
000007db  I2C0_IRQHandler             
000007db  I2C1_IRQHandler             
000007db  I2C2_IRQHandler             
000007db  LCD_IRQHandler              
000007db  LFSS_IRQHandler             
000007db  NMI_Handler                 
000007db  PendSV_Handler              
000007d3  Reset_Handler               
000007db  SPI0_IRQHandler             
000007db  SPI1_IRQHandler             
000007db  SVC_Handler                 
000007db  SysTick_Handler             
000007db  TIMA0_IRQHandler            
000007db  TIMG0_IRQHandler            
000007db  TIMG12_IRQHandler           
000007db  TIMG4_IRQHandler            
000007db  TIMG5_IRQHandler            
000007db  TIMG8_IRQHandler            
00000795  TI_memcpy_small             
000007a7  TI_memset_small             
000007db  UART0_IRQHandler            
000007db  UART1_IRQHandler            
000007db  UART2_IRQHandler            
000007db  UART3_IRQHandler            
000007db  UART4_IRQHandler            
20008000  __STACK_END                 
00000100  __STACK_SIZE                
00000000  __TI_ATRegion0_region_sz    
00000000  __TI_ATRegion0_src_addr     
00000000  __TI_ATRegion0_trg_addr     
00000000  __TI_ATRegion1_region_sz    
00000000  __TI_ATRegion1_src_addr     
00000000  __TI_ATRegion1_trg_addr     
00000000  __TI_ATRegion2_region_sz    
00000000  __TI_ATRegion2_src_addr     
00000000  __TI_ATRegion2_trg_addr     
00000000  __TI_CINIT_Base             
00000000  __TI_CINIT_Limit            
00000000  __TI_CINIT_Warm             
ffffffff  __TI_pprof_out_hndl         
ffffffff  __TI_prof_data_size         
ffffffff  __TI_prof_data_start        
00000000  __TI_static_base__          
000007dd  __aeabi_idiv0               
000007b5  __aeabi_memclr              
000007b5  __aeabi_memclr4             
000007b5  __aeabi_memclr8             
000007c1  __aeabi_memcpy              
000007c1  __aeabi_memcpy4             
000007c1  __aeabi_memcpy8             
000006b9  __aeabi_uidiv               
000006b9  __aeabi_uidivmod            
ffffffff  __binit__                   
UNDEFED   __mpu_init                  
20007f00  __stack                     
20000000  __start___llvm_prf_bits     
20000000  __start___llvm_prf_cnts     
20000000  __stop___llvm_prf_bits      
20000000  __stop___llvm_prf_cnts      
00000775  _c_int00_noinit_noargs      
00000531  _read                       
000007d7  _system_pre_init            
000005b9  _write                      
000007c9  abort                       
ffffffff  binit                       
000003ad  chacha20_init_context       
000000c1  chacha20_xor                
00000000  interruptVectors            
00000641  main                        
00000729  pwned                       


GLOBAL SYMBOLS: SORTED BY Symbol Address 

address   name                        
-------   ----                        
00000000  __TI_ATRegion0_region_sz    
00000000  __TI_ATRegion0_src_addr     
00000000  __TI_ATRegion0_trg_addr     
00000000  __TI_ATRegion1_region_sz    
00000000  __TI_ATRegion1_src_addr     
00000000  __TI_ATRegion1_trg_addr     
00000000  __TI_ATRegion2_region_sz    
00000000  __TI_ATRegion2_src_addr     
00000000  __TI_ATRegion2_trg_addr     
00000000  __TI_CINIT_Base             
00000000  __TI_CINIT_Limit            
00000000  __TI_CINIT_Warm             
00000000  __TI_static_base__          
00000000  interruptVectors            
000000c1  chacha20_xor                
00000100  __STACK_SIZE                
000003ad  chacha20_init_context       
00000531  _read                       
000005b9  _write                      
00000641  main                        
000006b9  __aeabi_uidiv               
000006b9  __aeabi_uidivmod            
000006f9  DL_UART_transmitDataBlocking
00000729  pwned                       
00000755  DL_UART_receiveDataBlocking 
00000775  _c_int00_noinit_noargs      
00000795  TI_memcpy_small             
000007a7  TI_memset_small             
000007b5  __aeabi_memclr              
000007b5  __aeabi_memclr4             
000007b5  __aeabi_memclr8             
000007c1  __aeabi_memcpy              
000007c1  __aeabi_memcpy4             
000007c1  __aeabi_memcpy8             
000007c9  abort                       
000007ce  C$$EXIT                     
000007cf  HOSTexit                    
000007d3  Reset_Handler               
000007d7  _system_pre_init            
000007db  ADC0_IRQHandler             
000007db  AESADV_IRQHandler           
000007db  DMA_IRQHandler              
000007db  Default_Handler             
000007db  GROUP0_IRQHandler           
000007db  GROUP1_IRQHandler           
000007db  HardFault_Handler           
000007db  I2C0_IRQHandler             
000007db  I2C1_IRQHandler             
000007db  I2C2_IRQHandler             
000007db  LCD_IRQHandler              
000007db  LFSS_IRQHandler             
000007db  NMI_Handler                 
000007db  PendSV_Handler              
000007db  SPI0_IRQHandler             
000007db  SPI1_IRQHandler             
000007db  SVC_Handler                 
000007db  SysTick_Handler             
000007db  TIMA0_IRQHandler            
000007db  TIMG0_IRQHandler            
000007db  TIMG12_IRQHandler           
000007db  TIMG4_IRQHandler            
000007db  TIMG5_IRQHandler            
000007db  TIMG8_IRQHandler            
000007db  UART0_IRQHandler            
000007db  UART1_IRQHandler            
000007db  UART2_IRQHandler            
000007db  UART3_IRQHandler            
000007db  UART4_IRQHandler            
000007dd  __aeabi_idiv0               
20000000  __start___llvm_prf_bits     
20000000  __start___llvm_prf_cnts     
20000000  __stop___llvm_prf_bits      
20000000  __stop___llvm_prf_cnts      
20007f00  __stack                     
20008000  __STACK_END                 
ffffffff  __TI_pprof_out_hndl         
ffffffff  __TI_prof_data_size         
ffffffff  __TI_prof_data_start        
ffffffff  __binit__                   
ffffffff  binit                       
UNDEFED   __mpu_init                  

[81 symbols]
