******************************************************************************
            TI ARM Clang Linker Unix v4.0.3                    
******************************************************************************
>> Linked Fri Jun  5 19:47:48 2026

OUTPUT FILE NAME:   <build/chacha20/chacha20.elf>
ENTRY POINT SYMBOL: "_c_int00_noinit_noargs"  address: 00000749


MEMORY CONFIGURATION

         name            origin    length      used     unused   attr    fill
----------------------  --------  ---------  --------  --------  ----  --------
  FLASH                 00000000   00040000  000007f0  0003f810  R  X
  SRAM                  20000000   00008000  00000100  00007f00  RW X
  BCR_CONFIG            41c00000   000000ff  00000000  000000ff  R   
  BSL_CONFIG            41c00100   00000080  00000000  00000080  R   


SEGMENT ALLOCATION MAP

run origin  load origin   length   init length attrs members
----------  ----------- ---------- ----------- ----- -------
00000000    00000000    000007f0   000007f0    r-x
  00000000    00000000    000000c0   000000c0    r-- .intvecs
  000000c0    000000c0    00000708   00000708    r-x .text
  000007c8    000007c8    00000028   00000028    r-- .rodata
20007f00    20007f00    00000100   00000000    rw-
  20007f00    20007f00    00000100   00000000    rw- .stack


SECTION ALLOCATION MAP

 output                                  attributes/
section   page    origin      length       input sections
--------  ----  ----------  ----------   ----------------
.intvecs   0    00000000    000000c0     
                  00000000    000000c0     startup_mspm0l222x_ticlang.o (.intvecs)

.text      0    000000c0    00000708     
                  000000c0    000002ec     chacha20.o (.text.chacha20_xor)
                  000003ac    00000184     chacha20.o (.text.chacha20_init_context)
                  00000530    00000088     stubs.o (.text._read)
                  000005b8    00000088     stubs.o (.text._write)
                  00000640    00000078     main.o (.text.main)
                  000006b8    00000040     libclang_rt.builtins.a : aeabi_uidivmod.S.obj (.text.__aeabi_uidivmod)
                  000006f8    00000030     driverlib.a : dl_uart.o (.text.DL_UART_transmitDataBlocking)
                  00000728    00000020                 : dl_uart.o (.text.DL_UART_receiveDataBlocking)
                  00000748    00000020     libc.a : boot_cortex_m.c.obj (.text:_c_int00_noinit_noargs)
                  00000768    00000012            : memcpy16.S.obj (.text:TI_memcpy_small)
                  0000077a    00000002     startup_mspm0l222x_ticlang.o (.text.Default_Handler)
                  0000077c    00000010     pwned.o (.text.pwned)
                  0000078c    0000000e     libc.a : memset16.S.obj (.text:TI_memset_small)
                  0000079a    00000002     libclang_rt.builtins.a : aeabi_div0.c.obj (.text.__aeabi_idiv0)
                  0000079c    0000000c                            : aeabi_memset.S.obj (.text.__aeabi_memclr)
                  000007a8    00000008                            : aeabi_memcpy.S.obj (.text.__aeabi_memcpy)
                  000007b0    00000006     libc.a : exit.c.obj (.text:abort)
                  000007b6    00000004     libsysbm.a : hostexit.c.obj (.text.HOSTexit)
                  000007ba    00000004     startup_mspm0l222x_ticlang.o (.text.Reset_Handler)
                  000007be    00000004     libc.a : pre_init.c.obj (.text._system_pre_init)
                  000007c2    00000006     --HOLE-- [fill = 0]

.cinit     0    00000000    00000000     

.rodata    0    000007c8    00000028     
                  000007c8    00000020     main.o (.rodata.cst32)
                  000007e8    00000007     pwned.o (.rodata.str1.15224374608078079005.1)
                  000007ef    00000001     --HOLE-- [fill = 0]

.init_array 
*          0    00000000    00000000     UNINITIALIZED

.binit     0    00000000    00000000     

.stack     0    20007f00    00000100     UNINITIALIZED
                  20007f00    00000004     libc.a : boot_cortex_m.c.obj (.stack)
                  20007f04    000000fc     --HOLE--

__llvm_prf_cnts 
*          0    20000000    00000000     UNINITIALIZED

__llvm_prf_bits 
*          0    20000000    00000000     UNINITIALIZED

MODULE SUMMARY

       Module                         code   ro data   rw data
       ------                         ----   -------   -------
    build/chacha20/
       chacha20.o                     1136   0         0      
       main.o                         120    32        0      
    +--+------------------------------+------+---------+---------+
       Total:                         1256   32        0      
                                                              
    build/shared/
       stubs.o                        272    0         0      
       startup_mspm0l222x_ticlang.o   6      192       0      
       pwned.o                        16     7         0      
    +--+------------------------------+------+---------+---------+
       Total:                         294    199       0      
                                                              
    /opt/mspm0-sdk-mspm0_sdk_2_06_00_05/source/ti/driverlib/lib/ticlang/m0p/mspm0l122x_l222x/driverlib.a
       dl_uart.o                      80     0         0      
    +--+------------------------------+------+---------+---------+
       Total:                         80     0         0      
                                                              
    /opt/ti-cgt-armllvm_4.0.3.LTS/lib/armv6m-ti-none-eabi/c/libc.a
       boot_cortex_m.c.obj            32     0         0      
       memcpy16.S.obj                 18     0         0      
       memset16.S.obj                 14     0         0      
       exit.c.obj                     6      0         0      
       pre_init.c.obj                 4      0         0      
    +--+------------------------------+------+---------+---------+
       Total:                         74     0         0      
                                                              
    /opt/ti-cgt-armllvm_4.0.3.LTS/lib/armv6m-ti-none-eabi/c/libsysbm.a
       hostexit.c.obj                 4      0         0      
    +--+------------------------------+------+---------+---------+
       Total:                         4      0         0      
                                                              
    /opt/ti-cgt-armllvm_4.0.3.LTS/lib/armv6m-ti-none-eabi/libclang_rt.builtins.a
       aeabi_uidivmod.S.obj           64     0         0      
       aeabi_memset.S.obj             12     0         0      
       aeabi_memcpy.S.obj             8      0         0      
       aeabi_div0.c.obj               2      0         0      
    +--+------------------------------+------+---------+---------+
       Total:                         86     0         0      
                                                              
       Stack:                         0      0         256    
    +--+------------------------------+------+---------+---------+
       Grand Total:                   1794   231       256    


GLOBAL SYMBOLS: SORTED ALPHABETICALLY BY Name 

address   name                        
-------   ----                        
0000077b  ADC0_IRQHandler             
0000077b  AESADV_IRQHandler           
000007b6  C$$EXIT                     
00000729  DL_UART_receiveDataBlocking 
000006f9  DL_UART_transmitDataBlocking
0000077b  DMA_IRQHandler              
0000077b  Default_Handler             
0000077b  GROUP0_IRQHandler           
0000077b  GROUP1_IRQHandler           
000007b7  HOSTexit                    
0000077b  HardFault_Handler           
0000077b  I2C0_IRQHandler             
0000077b  I2C1_IRQHandler             
0000077b  I2C2_IRQHandler             
0000077b  LCD_IRQHandler              
0000077b  LFSS_IRQHandler             
0000077b  NMI_Handler                 
0000077b  PendSV_Handler              
000007bb  Reset_Handler               
0000077b  SPI0_IRQHandler             
0000077b  SPI1_IRQHandler             
0000077b  SVC_Handler                 
0000077b  SysTick_Handler             
0000077b  TIMA0_IRQHandler            
0000077b  TIMG0_IRQHandler            
0000077b  TIMG12_IRQHandler           
0000077b  TIMG4_IRQHandler            
0000077b  TIMG5_IRQHandler            
0000077b  TIMG8_IRQHandler            
00000769  TI_memcpy_small             
0000078d  TI_memset_small             
0000077b  UART0_IRQHandler            
0000077b  UART1_IRQHandler            
0000077b  UART2_IRQHandler            
0000077b  UART3_IRQHandler            
0000077b  UART4_IRQHandler            
20008000  __STACK_END                 
00000100  __STACK_SIZE                
00000000  __TI_ATRegion0_region_sz    
00000000  __TI_ATRegion0_src_addr     
00000000  __TI_ATRegion0_trg_addr     
00000000  __TI_ATRegion1_region_sz    
00000000  __TI_ATRegion1_src_addr     
00000000  __TI_ATRegion1_trg_addr     
00000000  __TI_ATRegion2_region_sz    
00000000  __TI_ATRegion2_src_addr     
00000000  __TI_ATRegion2_trg_addr     
00000000  __TI_CINIT_Base             
00000000  __TI_CINIT_Limit            
00000000  __TI_CINIT_Warm             
ffffffff  __TI_pprof_out_hndl         
ffffffff  __TI_prof_data_size         
ffffffff  __TI_prof_data_start        
00000000  __TI_static_base__          
0000079b  __aeabi_idiv0               
0000079d  __aeabi_memclr              
0000079d  __aeabi_memclr4             
0000079d  __aeabi_memclr8             
000007a9  __aeabi_memcpy              
000007a9  __aeabi_memcpy4             
000007a9  __aeabi_memcpy8             
000006b9  __aeabi_uidiv               
000006b9  __aeabi_uidivmod            
ffffffff  __binit__                   
UNDEFED   __mpu_init                  
20007f00  __stack                     
20000000  __start___llvm_prf_bits     
20000000  __start___llvm_prf_cnts     
20000000  __stop___llvm_prf_bits      
20000000  __stop___llvm_prf_cnts      
00000749  _c_int00_noinit_noargs      
00000531  _read                       
000007bf  _system_pre_init            
000005b9  _write                      
000007b1  abort                       
ffffffff  binit                       
000003ad  chacha20_init_context       
000000c1  chacha20_xor                
00000000  interruptVectors            
00000641  main                        
0000077d  pwned                       


GLOBAL SYMBOLS: SORTED BY Symbol Address 

address   name                        
-------   ----                        
00000000  __TI_ATRegion0_region_sz    
00000000  __TI_ATRegion0_src_addr     
00000000  __TI_ATRegion0_trg_addr     
00000000  __TI_ATRegion1_region_sz    
00000000  __TI_ATRegion1_src_addr     
00000000  __TI_ATRegion1_trg_addr     
00000000  __TI_ATRegion2_region_sz    
00000000  __TI_ATRegion2_src_addr     
00000000  __TI_ATRegion2_trg_addr     
00000000  __TI_CINIT_Base             
00000000  __TI_CINIT_Limit            
00000000  __TI_CINIT_Warm             
00000000  __TI_static_base__          
00000000  interruptVectors            
000000c1  chacha20_xor                
00000100  __STACK_SIZE                
000003ad  chacha20_init_context       
00000531  _read                       
000005b9  _write                      
00000641  main                        
000006b9  __aeabi_uidiv               
000006b9  __aeabi_uidivmod            
000006f9  DL_UART_transmitDataBlocking
00000729  DL_UART_receiveDataBlocking 
00000749  _c_int00_noinit_noargs      
00000769  TI_memcpy_small             
0000077b  ADC0_IRQHandler             
0000077b  AESADV_IRQHandler           
0000077b  DMA_IRQHandler              
0000077b  Default_Handler             
0000077b  GROUP0_IRQHandler           
0000077b  GROUP1_IRQHandler           
0000077b  HardFault_Handler           
0000077b  I2C0_IRQHandler             
0000077b  I2C1_IRQHandler             
0000077b  I2C2_IRQHandler             
0000077b  LCD_IRQHandler              
0000077b  LFSS_IRQHandler             
0000077b  NMI_Handler                 
0000077b  PendSV_Handler              
0000077b  SPI0_IRQHandler             
0000077b  SPI1_IRQHandler             
0000077b  SVC_Handler                 
0000077b  SysTick_Handler             
0000077b  TIMA0_IRQHandler            
0000077b  TIMG0_IRQHandler            
0000077b  TIMG12_IRQHandler           
0000077b  TIMG4_IRQHandler            
0000077b  TIMG5_IRQHandler            
0000077b  TIMG8_IRQHandler            
0000077b  UART0_IRQHandler            
0000077b  UART1_IRQHandler            
0000077b  UART2_IRQHandler            
0000077b  UART3_IRQHandler            
0000077b  UART4_IRQHandler            
0000077d  pwned                       
0000078d  TI_memset_small             
0000079b  __aeabi_idiv0               
0000079d  __aeabi_memclr              
0000079d  __aeabi_memclr4             
0000079d  __aeabi_memclr8             
000007a9  __aeabi_memcpy              
000007a9  __aeabi_memcpy4             
000007a9  __aeabi_memcpy8             
000007b1  abort                       
000007b6  C$$EXIT                     
000007b7  HOSTexit                    
000007bb  Reset_Handler               
000007bf  _system_pre_init            
20000000  __start___llvm_prf_bits     
20000000  __start___llvm_prf_cnts     
20000000  __stop___llvm_prf_bits      
20000000  __stop___llvm_prf_cnts      
20007f00  __stack                     
20008000  __STACK_END                 
ffffffff  __TI_pprof_out_hndl         
ffffffff  __TI_prof_data_size         
ffffffff  __TI_prof_data_start        
ffffffff  __binit__                   
ffffffff  binit                       
UNDEFED   __mpu_init                  

[81 symbols]
