******************************************************************************
            TI ARM Clang Linker Unix v4.0.3                    
******************************************************************************
>> Linked Mon Jun  8 21:23:57 2026

OUTPUT FILE NAME:   <build/sha256/sha256.elf>
ENTRY POINT SYMBOL: "_c_int00_noinit_noargs"  address: 00000935


MEMORY CONFIGURATION

         name            origin    length      used     unused   attr    fill
----------------------  --------  ---------  --------  --------  ----  --------
  FLASH                 00000000   00040000  00000b38  0003f4c8  R  X
  SRAM                  20000000   00008000  00000100  00007f00  RW X
  BCR_CONFIG            41c00000   000000ff  00000000  000000ff  R   
  BSL_CONFIG            41c00100   00000080  00000000  00000080  R   


SEGMENT ALLOCATION MAP

run origin  load origin   length   init length attrs members
----------  ----------- ---------- ----------- ----- -------
00000000    00000000    00000b38   00000b38    r-x
  00000000    00000000    000000c0   000000c0    r-- .intvecs
  000000c0    000000c0    00000918   00000918    r-x .text
  000009d8    000009d8    00000160   00000160    r-- .rodata
20007f00    20007f00    00000100   00000000    rw-
  20007f00    20007f00    00000100   00000000    rw- .stack


SECTION ALLOCATION MAP

 output                                  attributes/
section   page    origin      length       input sections
--------  ----  ----------  ----------   ----------------
.intvecs   0    00000000    000000c0     
                  00000000    000000c0     startup_mspm0l222x_ticlang.o (.intvecs)

.text      0    000000c0    00000918     
                  000000c0    000002a8     sha256.o (.text.sha256_calc_chunk)
                  00000368    000001e4     sha256.o (.text.sha256_easy_hash)
                  0000054c    000000b4     stubs.o (.text.init_device)
                  00000600    000000a0     main.o (.text.main)
                  000006a0    00000088     stubs.o (.text._read)
                  00000728    00000088     stubs.o (.text._write)
                  000007b0    00000080     driverlib.a : dl_uart.o (.text.DL_UART_configBaudRate)
                  00000830    00000048                 : dl_uart.o (.text.DL_UART_init)
                  00000878    00000040     libclang_rt.builtins.a : aeabi_uidivmod.S.obj (.text.__aeabi_uidivmod)
                  000008b8    00000030     driverlib.a : dl_uart.o (.text.DL_UART_transmitDataBlocking)
                  000008e8    0000002c     pwned.o (.text.pwned)
                  00000914    00000020     driverlib.a : dl_uart.o (.text.DL_UART_receiveDataBlocking)
                  00000934    00000020     libc.a : boot_cortex_m.c.obj (.text:_c_int00_noinit_noargs)
                  00000954    00000018     stubs.o (.text.led_blip)
                  0000096c    00000012     driverlib.a : dl_uart.o (.text.DL_UART_setClockConfig)
                  0000097e    00000012     libc.a : memcpy16.S.obj (.text:TI_memcpy_small)
                  00000990    0000000e            : memset16.S.obj (.text:TI_memset_small)
                  0000099e    00000002     startup_mspm0l222x_ticlang.o (.text.Default_Handler)
                  000009a0    0000000c     libclang_rt.builtins.a : aeabi_memset.S.obj (.text.__aeabi_memclr)
                  000009ac    0000000a     driverlib.a : dl_common.o (.text.DL_Common_delayCycles)
                  000009b6    00000002     libclang_rt.builtins.a : aeabi_div0.c.obj (.text.__aeabi_idiv0)
                  000009b8    00000008                            : aeabi_memcpy.S.obj (.text.__aeabi_memcpy)
                  000009c0    00000006     libc.a : exit.c.obj (.text:abort)
                  000009c6    00000004     libsysbm.a : hostexit.c.obj (.text.HOSTexit)
                  000009ca    00000004     startup_mspm0l222x_ticlang.o (.text.Reset_Handler)
                  000009ce    00000004     libc.a : pre_init.c.obj (.text._system_pre_init)
                  000009d2    00000006     --HOLE-- [fill = 0]

.cinit     0    00000000    00000000     

.rodata    0    000009d8    00000160     
                  000009d8    00000100     sha256.o (.rodata.k)
                  00000ad8    00000020     main.o (.rodata.cst32)
                  00000af8    00000016     main.o (.rodata.str1.15159059442110792349.1)
                  00000b0e    00000012     main.o (.rodata.str1.8154729771448623357.1)
                  00000b20    00000011     main.o (.rodata.str1.18227636981041470289.1)
                  00000b31    00000007     pwned.o (.rodata.str1.15224374608078079005.1)

.init_array 
*          0    00000000    00000000     UNINITIALIZED

.binit     0    00000000    00000000     

.stack     0    20007f00    00000100     UNINITIALIZED
                  20007f00    00000004     libc.a : boot_cortex_m.c.obj (.stack)
                  20007f04    000000fc     --HOLE--

__llvm_prf_cnts 
*          0    20000000    00000000     UNINITIALIZED

__llvm_prf_bits 
*          0    20000000    00000000     UNINITIALIZED

MODULE SUMMARY

       Module                         code   ro data   rw data
       ------                         ----   -------   -------
    build/sha256/
       sha256.o                       1164   256       0      
       main.o                         160    89        0      
    +--+------------------------------+------+---------+---------+
       Total:                         1324   345       0      
                                                              
    build/shared/
       stubs.o                        476    0         0      
       startup_mspm0l222x_ticlang.o   6      192       0      
       pwned.o                        44     7         0      
    +--+------------------------------+------+---------+---------+
       Total:                         526    199       0      
                                                              
    /opt/mspm0-sdk-mspm0_sdk_2_06_00_05/source/ti/driverlib/lib/ticlang/m0p/mspm0l122x_l222x/driverlib.a
       dl_uart.o                      298    0         0      
       dl_common.o                    10     0         0      
    +--+------------------------------+------+---------+---------+
       Total:                         308    0         0      
                                                              
    /opt/ti-cgt-armllvm_4.0.3.LTS/lib/armv6m-ti-none-eabi/c/libc.a
       boot_cortex_m.c.obj            32     0         0      
       memcpy16.S.obj                 18     0         0      
       memset16.S.obj                 14     0         0      
       exit.c.obj                     6      0         0      
       pre_init.c.obj                 4      0         0      
    +--+------------------------------+------+---------+---------+
       Total:                         74     0         0      
                                                              
    /opt/ti-cgt-armllvm_4.0.3.LTS/lib/armv6m-ti-none-eabi/c/libsysbm.a
       hostexit.c.obj                 4      0         0      
    +--+------------------------------+------+---------+---------+
       Total:                         4      0         0      
                                                              
    /opt/ti-cgt-armllvm_4.0.3.LTS/lib/armv6m-ti-none-eabi/libclang_rt.builtins.a
       aeabi_uidivmod.S.obj           64     0         0      
       aeabi_memset.S.obj             12     0         0      
       aeabi_memcpy.S.obj             8      0         0      
       aeabi_div0.c.obj               2      0         0      
    +--+------------------------------+------+---------+---------+
       Total:                         86     0         0      
                                                              
       Stack:                         0      0         256    
    +--+------------------------------+------+---------+---------+
       Grand Total:                   2322   544       256    


GLOBAL SYMBOLS: SORTED ALPHABETICALLY BY Name 

address   name                        
-------   ----                        
0000099f  ADC0_IRQHandler             
0000099f  AESADV_IRQHandler           
000009c6  C$$EXIT                     
000009ad  DL_Common_delayCycles       
000007b1  DL_UART_configBaudRate      
00000831  DL_UART_init                
00000915  DL_UART_receiveDataBlocking 
0000096d  DL_UART_setClockConfig      
000008b9  DL_UART_transmitDataBlocking
0000099f  DMA_IRQHandler              
0000099f  Default_Handler             
0000099f  GROUP0_IRQHandler           
0000099f  GROUP1_IRQHandler           
000009c7  HOSTexit                    
0000099f  HardFault_Handler           
0000099f  I2C0_IRQHandler             
0000099f  I2C1_IRQHandler             
0000099f  I2C2_IRQHandler             
0000099f  LCD_IRQHandler              
0000099f  LFSS_IRQHandler             
0000099f  NMI_Handler                 
0000099f  PendSV_Handler              
000009cb  Reset_Handler               
0000099f  SPI0_IRQHandler             
0000099f  SPI1_IRQHandler             
0000099f  SVC_Handler                 
0000099f  SysTick_Handler             
0000099f  TIMA0_IRQHandler            
0000099f  TIMG0_IRQHandler            
0000099f  TIMG12_IRQHandler           
0000099f  TIMG4_IRQHandler            
0000099f  TIMG5_IRQHandler            
0000099f  TIMG8_IRQHandler            
0000097f  TI_memcpy_small             
00000991  TI_memset_small             
0000099f  UART0_IRQHandler            
0000099f  UART1_IRQHandler            
0000099f  UART2_IRQHandler            
0000099f  UART3_IRQHandler            
0000099f  UART4_IRQHandler            
20008000  __STACK_END                 
00000100  __STACK_SIZE                
00000000  __TI_ATRegion0_region_sz    
00000000  __TI_ATRegion0_src_addr     
00000000  __TI_ATRegion0_trg_addr     
00000000  __TI_ATRegion1_region_sz    
00000000  __TI_ATRegion1_src_addr     
00000000  __TI_ATRegion1_trg_addr     
00000000  __TI_ATRegion2_region_sz    
00000000  __TI_ATRegion2_src_addr     
00000000  __TI_ATRegion2_trg_addr     
00000000  __TI_CINIT_Base             
00000000  __TI_CINIT_Limit            
00000000  __TI_CINIT_Warm             
ffffffff  __TI_pprof_out_hndl         
ffffffff  __TI_prof_data_size         
ffffffff  __TI_prof_data_start        
00000000  __TI_static_base__          
000009b7  __aeabi_idiv0               
000009a1  __aeabi_memclr              
000009a1  __aeabi_memclr4             
000009a1  __aeabi_memclr8             
000009b9  __aeabi_memcpy              
000009b9  __aeabi_memcpy4             
000009b9  __aeabi_memcpy8             
00000879  __aeabi_uidiv               
00000879  __aeabi_uidivmod            
ffffffff  __binit__                   
UNDEFED   __mpu_init                  
20007f00  __stack                     
20000000  __start___llvm_prf_bits     
20000000  __start___llvm_prf_cnts     
20000000  __stop___llvm_prf_bits      
20000000  __stop___llvm_prf_cnts      
00000935  _c_int00_noinit_noargs      
000006a1  _read                       
000009cf  _system_pre_init            
00000729  _write                      
000009c1  abort                       
ffffffff  binit                       
0000054d  init_device                 
00000000  interruptVectors            
00000955  led_blip                    
00000601  main                        
000008e9  pwned                       
00000369  sha256_easy_hash            


GLOBAL SYMBOLS: SORTED BY Symbol Address 

address   name                        
-------   ----                        
00000000  __TI_ATRegion0_region_sz    
00000000  __TI_ATRegion0_src_addr     
00000000  __TI_ATRegion0_trg_addr     
00000000  __TI_ATRegion1_region_sz    
00000000  __TI_ATRegion1_src_addr     
00000000  __TI_ATRegion1_trg_addr     
00000000  __TI_ATRegion2_region_sz    
00000000  __TI_ATRegion2_src_addr     
00000000  __TI_ATRegion2_trg_addr     
00000000  __TI_CINIT_Base             
00000000  __TI_CINIT_Limit            
00000000  __TI_CINIT_Warm             
00000000  __TI_static_base__          
00000000  interruptVectors            
00000100  __STACK_SIZE                
00000369  sha256_easy_hash            
0000054d  init_device                 
00000601  main                        
000006a1  _read                       
00000729  _write                      
000007b1  DL_UART_configBaudRate      
00000831  DL_UART_init                
00000879  __aeabi_uidiv               
00000879  __aeabi_uidivmod            
000008b9  DL_UART_transmitDataBlocking
000008e9  pwned                       
00000915  DL_UART_receiveDataBlocking 
00000935  _c_int00_noinit_noargs      
00000955  led_blip                    
0000096d  DL_UART_setClockConfig      
0000097f  TI_memcpy_small             
00000991  TI_memset_small             
0000099f  ADC0_IRQHandler             
0000099f  AESADV_IRQHandler           
0000099f  DMA_IRQHandler              
0000099f  Default_Handler             
0000099f  GROUP0_IRQHandler           
0000099f  GROUP1_IRQHandler           
0000099f  HardFault_Handler           
0000099f  I2C0_IRQHandler             
0000099f  I2C1_IRQHandler             
0000099f  I2C2_IRQHandler             
0000099f  LCD_IRQHandler              
0000099f  LFSS_IRQHandler             
0000099f  NMI_Handler                 
0000099f  PendSV_Handler              
0000099f  SPI0_IRQHandler             
0000099f  SPI1_IRQHandler             
0000099f  SVC_Handler                 
0000099f  SysTick_Handler             
0000099f  TIMA0_IRQHandler            
0000099f  TIMG0_IRQHandler            
0000099f  TIMG12_IRQHandler           
0000099f  TIMG4_IRQHandler            
0000099f  TIMG5_IRQHandler            
0000099f  TIMG8_IRQHandler            
0000099f  UART0_IRQHandler            
0000099f  UART1_IRQHandler            
0000099f  UART2_IRQHandler            
0000099f  UART3_IRQHandler            
0000099f  UART4_IRQHandler            
000009a1  __aeabi_memclr              
000009a1  __aeabi_memclr4             
000009a1  __aeabi_memclr8             
000009ad  DL_Common_delayCycles       
000009b7  __aeabi_idiv0               
000009b9  __aeabi_memcpy              
000009b9  __aeabi_memcpy4             
000009b9  __aeabi_memcpy8             
000009c1  abort                       
000009c6  C$$EXIT                     
000009c7  HOSTexit                    
000009cb  Reset_Handler               
000009cf  _system_pre_init            
20000000  __start___llvm_prf_bits     
20000000  __start___llvm_prf_cnts     
20000000  __stop___llvm_prf_bits      
20000000  __stop___llvm_prf_cnts      
20007f00  __stack                     
20008000  __STACK_END                 
ffffffff  __TI_pprof_out_hndl         
ffffffff  __TI_prof_data_size         
ffffffff  __TI_prof_data_start        
ffffffff  __binit__                   
ffffffff  binit                       
UNDEFED   __mpu_init                  

[86 symbols]
