******************************************************************************
            TI ARM Clang Linker Unix v4.0.3                    
******************************************************************************
>> Linked Mon Jun  8 21:23:56 2026

OUTPUT FILE NAME:   <build/password/password.elf>
ENTRY POINT SYMBOL: "_c_int00_noinit_noargs"  address: 000004e5


MEMORY CONFIGURATION

         name            origin    length      used     unused   attr    fill
----------------------  --------  ---------  --------  --------  ----  --------
  FLASH                 00000000   00040000  00000580  0003fa80  R  X
  SRAM                  20000000   00008000  00000100  00007f00  RW X
  BCR_CONFIG            41c00000   000000ff  00000000  000000ff  R   
  BSL_CONFIG            41c00100   00000080  00000000  00000080  R   


SEGMENT ALLOCATION MAP

run origin  load origin   length   init length attrs members
----------  ----------- ---------- ----------- ----- -------
00000000    00000000    00000580   00000580    r-x
  00000000    00000000    000000c0   000000c0    r-- .intvecs
  000000c0    000000c0    00000490   00000490    r-x .text
  00000550    00000550    00000030   00000030    r-- .rodata
20007f00    20007f00    00000100   00000000    rw-
  20007f00    20007f00    00000100   00000000    rw- .stack


SECTION ALLOCATION MAP

 output                                  attributes/
section   page    origin      length       input sections
--------  ----  ----------  ----------   ----------------
.intvecs   0    00000000    000000c0     
                  00000000    000000c0     startup_mspm0l222x_ticlang.o (.intvecs)

.text      0    000000c0    00000490     
                  000000c0    000000dc     main.o (.text.main)
                  0000019c    000000b4     stubs.o (.text.init_device)
                  00000250    00000088     stubs.o (.text._read)
                  000002d8    00000088     stubs.o (.text._write)
                  00000360    00000080     driverlib.a : dl_uart.o (.text.DL_UART_configBaudRate)
                  000003e0    00000048                 : dl_uart.o (.text.DL_UART_init)
                  00000428    00000040     libclang_rt.builtins.a : aeabi_uidivmod.S.obj (.text.__aeabi_uidivmod)
                  00000468    00000030     driverlib.a : dl_uart.o (.text.DL_UART_transmitDataBlocking)
                  00000498    0000002c     pwned.o (.text.pwned)
                  000004c4    00000020     driverlib.a : dl_uart.o (.text.DL_UART_receiveDataBlocking)
                  000004e4    00000020     libc.a : boot_cortex_m.c.obj (.text:_c_int00_noinit_noargs)
                  00000504    00000018     stubs.o (.text.led_blip)
                  0000051c    00000012     driverlib.a : dl_uart.o (.text.DL_UART_setClockConfig)
                  0000052e    0000000a                 : dl_common.o (.text.DL_Common_delayCycles)
                  00000538    00000006     libc.a : exit.c.obj (.text:abort)
                  0000053e    00000004     libsysbm.a : hostexit.c.obj (.text.HOSTexit)
                  00000542    00000004     startup_mspm0l222x_ticlang.o (.text.Reset_Handler)
                  00000546    00000004     libc.a : pre_init.c.obj (.text._system_pre_init)
                  0000054a    00000002     startup_mspm0l222x_ticlang.o (.text.Default_Handler)
                  0000054c    00000002     libclang_rt.builtins.a : aeabi_div0.c.obj (.text.__aeabi_idiv0)
                  0000054e    00000002     --HOLE-- [fill = 0]

.cinit     0    00000000    00000000     

.rodata    0    00000550    00000030     
                  00000550    00000013     main.o (.rodata.str1.15159059442110792349.1)
                  00000563    00000012     main.o (.rodata.str1.17100691992556644108.1)
                  00000575    00000007     pwned.o (.rodata.str1.15224374608078079005.1)
                  0000057c    00000004     --HOLE-- [fill = 0]

.init_array 
*          0    00000000    00000000     UNINITIALIZED

.binit     0    00000000    00000000     

.stack     0    20007f00    00000100     UNINITIALIZED
                  20007f00    00000004     libc.a : boot_cortex_m.c.obj (.stack)
                  20007f04    000000fc     --HOLE--

__llvm_prf_cnts 
*          0    20000000    00000000     UNINITIALIZED

__llvm_prf_bits 
*          0    20000000    00000000     UNINITIALIZED

MODULE SUMMARY

       Module                         code   ro data   rw data
       ------                         ----   -------   -------
    build/password/
       main.o                         220    37        0      
    +--+------------------------------+------+---------+---------+
       Total:                         220    37        0      
                                                              
    build/shared/
       stubs.o                        476    0         0      
       startup_mspm0l222x_ticlang.o   6      192       0      
       pwned.o                        44     7         0      
    +--+------------------------------+------+---------+---------+
       Total:                         526    199       0      
                                                              
    /opt/mspm0-sdk-mspm0_sdk_2_06_00_05/source/ti/driverlib/lib/ticlang/m0p/mspm0l122x_l222x/driverlib.a
       dl_uart.o                      298    0         0      
       dl_common.o                    10     0         0      
    +--+------------------------------+------+---------+---------+
       Total:                         308    0         0      
                                                              
    /opt/ti-cgt-armllvm_4.0.3.LTS/lib/armv6m-ti-none-eabi/c/libc.a
       boot_cortex_m.c.obj            32     0         0      
       exit.c.obj                     6      0         0      
       pre_init.c.obj                 4      0         0      
    +--+------------------------------+------+---------+---------+
       Total:                         42     0         0      
                                                              
    /opt/ti-cgt-armllvm_4.0.3.LTS/lib/armv6m-ti-none-eabi/c/libsysbm.a
       hostexit.c.obj                 4      0         0      
    +--+------------------------------+------+---------+---------+
       Total:                         4      0         0      
                                                              
    /opt/ti-cgt-armllvm_4.0.3.LTS/lib/armv6m-ti-none-eabi/libclang_rt.builtins.a
       aeabi_uidivmod.S.obj           64     0         0      
       aeabi_div0.c.obj               2      0         0      
    +--+------------------------------+------+---------+---------+
       Total:                         66     0         0      
                                                              
       Stack:                         0      0         256    
    +--+------------------------------+------+---------+---------+
       Grand Total:                   1166   236       256    


GLOBAL SYMBOLS: SORTED ALPHABETICALLY BY Name 

address   name                        
-------   ----                        
0000054b  ADC0_IRQHandler             
0000054b  AESADV_IRQHandler           
0000053e  C$$EXIT                     
0000052f  DL_Common_delayCycles       
00000361  DL_UART_configBaudRate      
000003e1  DL_UART_init                
000004c5  DL_UART_receiveDataBlocking 
0000051d  DL_UART_setClockConfig      
00000469  DL_UART_transmitDataBlocking
0000054b  DMA_IRQHandler              
0000054b  Default_Handler             
0000054b  GROUP0_IRQHandler           
0000054b  GROUP1_IRQHandler           
0000053f  HOSTexit                    
0000054b  HardFault_Handler           
0000054b  I2C0_IRQHandler             
0000054b  I2C1_IRQHandler             
0000054b  I2C2_IRQHandler             
0000054b  LCD_IRQHandler              
0000054b  LFSS_IRQHandler             
0000054b  NMI_Handler                 
0000054b  PendSV_Handler              
00000543  Reset_Handler               
0000054b  SPI0_IRQHandler             
0000054b  SPI1_IRQHandler             
0000054b  SVC_Handler                 
0000054b  SysTick_Handler             
0000054b  TIMA0_IRQHandler            
0000054b  TIMG0_IRQHandler            
0000054b  TIMG12_IRQHandler           
0000054b  TIMG4_IRQHandler            
0000054b  TIMG5_IRQHandler            
0000054b  TIMG8_IRQHandler            
0000054b  UART0_IRQHandler            
0000054b  UART1_IRQHandler            
0000054b  UART2_IRQHandler            
0000054b  UART3_IRQHandler            
0000054b  UART4_IRQHandler            
20008000  __STACK_END                 
00000100  __STACK_SIZE                
00000000  __TI_ATRegion0_region_sz    
00000000  __TI_ATRegion0_src_addr     
00000000  __TI_ATRegion0_trg_addr     
00000000  __TI_ATRegion1_region_sz    
00000000  __TI_ATRegion1_src_addr     
00000000  __TI_ATRegion1_trg_addr     
00000000  __TI_ATRegion2_region_sz    
00000000  __TI_ATRegion2_src_addr     
00000000  __TI_ATRegion2_trg_addr     
00000000  __TI_CINIT_Base             
00000000  __TI_CINIT_Limit            
00000000  __TI_CINIT_Warm             
ffffffff  __TI_pprof_out_hndl         
ffffffff  __TI_prof_data_size         
ffffffff  __TI_prof_data_start        
00000000  __TI_static_base__          
0000054d  __aeabi_idiv0               
00000429  __aeabi_uidiv               
00000429  __aeabi_uidivmod            
ffffffff  __binit__                   
UNDEFED   __mpu_init                  
20007f00  __stack                     
20000000  __start___llvm_prf_bits     
20000000  __start___llvm_prf_cnts     
20000000  __stop___llvm_prf_bits      
20000000  __stop___llvm_prf_cnts      
000004e5  _c_int00_noinit_noargs      
00000251  _read                       
00000547  _system_pre_init            
000002d9  _write                      
00000539  abort                       
ffffffff  binit                       
0000019d  init_device                 
00000000  interruptVectors            
00000505  led_blip                    
000000c1  main                        
00000499  pwned                       


GLOBAL SYMBOLS: SORTED BY Symbol Address 

address   name                        
-------   ----                        
00000000  __TI_ATRegion0_region_sz    
00000000  __TI_ATRegion0_src_addr     
00000000  __TI_ATRegion0_trg_addr     
00000000  __TI_ATRegion1_region_sz    
00000000  __TI_ATRegion1_src_addr     
00000000  __TI_ATRegion1_trg_addr     
00000000  __TI_ATRegion2_region_sz    
00000000  __TI_ATRegion2_src_addr     
00000000  __TI_ATRegion2_trg_addr     
00000000  __TI_CINIT_Base             
00000000  __TI_CINIT_Limit            
00000000  __TI_CINIT_Warm             
00000000  __TI_static_base__          
00000000  interruptVectors            
000000c1  main                        
00000100  __STACK_SIZE                
0000019d  init_device                 
00000251  _read                       
000002d9  _write                      
00000361  DL_UART_configBaudRate      
000003e1  DL_UART_init                
00000429  __aeabi_uidiv               
00000429  __aeabi_uidivmod            
00000469  DL_UART_transmitDataBlocking
00000499  pwned                       
000004c5  DL_UART_receiveDataBlocking 
000004e5  _c_int00_noinit_noargs      
00000505  led_blip                    
0000051d  DL_UART_setClockConfig      
0000052f  DL_Common_delayCycles       
00000539  abort                       
0000053e  C$$EXIT                     
0000053f  HOSTexit                    
00000543  Reset_Handler               
00000547  _system_pre_init            
0000054b  ADC0_IRQHandler             
0000054b  AESADV_IRQHandler           
0000054b  DMA_IRQHandler              
0000054b  Default_Handler             
0000054b  GROUP0_IRQHandler           
0000054b  GROUP1_IRQHandler           
0000054b  HardFault_Handler           
0000054b  I2C0_IRQHandler             
0000054b  I2C1_IRQHandler             
0000054b  I2C2_IRQHandler             
0000054b  LCD_IRQHandler              
0000054b  LFSS_IRQHandler             
0000054b  NMI_Handler                 
0000054b  PendSV_Handler              
0000054b  SPI0_IRQHandler             
0000054b  SPI1_IRQHandler             
0000054b  SVC_Handler                 
0000054b  SysTick_Handler             
0000054b  TIMA0_IRQHandler            
0000054b  TIMG0_IRQHandler            
0000054b  TIMG12_IRQHandler           
0000054b  TIMG4_IRQHandler            
0000054b  TIMG5_IRQHandler            
0000054b  TIMG8_IRQHandler            
0000054b  UART0_IRQHandler            
0000054b  UART1_IRQHandler            
0000054b  UART2_IRQHandler            
0000054b  UART3_IRQHandler            
0000054b  UART4_IRQHandler            
0000054d  __aeabi_idiv0               
20000000  __start___llvm_prf_bits     
20000000  __start___llvm_prf_cnts     
20000000  __stop___llvm_prf_bits      
20000000  __stop___llvm_prf_cnts      
20007f00  __stack                     
20008000  __STACK_END                 
ffffffff  __TI_pprof_out_hndl         
ffffffff  __TI_prof_data_size         
ffffffff  __TI_prof_data_start        
ffffffff  __binit__                   
ffffffff  binit                       
UNDEFED   __mpu_init                  

[77 symbols]
