******************************************************************************
            TI ARM Clang Linker Unix v4.0.3                    
******************************************************************************
>> Linked Mon Jun  8 21:23:56 2026

OUTPUT FILE NAME:   <build/pc_test/pc_test.elf>
ENTRY POINT SYMBOL: "_c_int00_noinit_noargs"  address: 00000439


MEMORY CONFIGURATION

         name            origin    length      used     unused   attr    fill
----------------------  --------  ---------  --------  --------  ----  --------
  FLASH                 00000000   00040000  00000498  0003fb68  R  X
  SRAM                  20000000   00008000  00000100  00007f00  RW X
  BCR_CONFIG            41c00000   000000ff  00000000  000000ff  R   
  BSL_CONFIG            41c00100   00000080  00000000  00000080  R   


SEGMENT ALLOCATION MAP

run origin  load origin   length   init length attrs members
----------  ----------- ---------- ----------- ----- -------
00000000    00000000    00000498   00000498    r-x
  00000000    00000000    000000c0   000000c0    r-- .intvecs
  000000c0    000000c0    000003d0   000003d0    r-x .text
  00000490    00000490    00000008   00000008    r-- .rodata
20007f00    20007f00    00000100   00000000    rw-
  20007f00    20007f00    00000100   00000000    rw- .stack


SECTION ALLOCATION MAP

 output                                  attributes/
section   page    origin      length       input sections
--------  ----  ----------  ----------   ----------------
.intvecs   0    00000000    000000c0     
                  00000000    000000c0     startup_mspm0l222x_ticlang.o (.intvecs)

.text      0    000000c0    000003d0     
                  000000c0    000000b4     stubs.o (.text.init_device)
                  00000174    00000088     stubs.o (.text._read)
                  000001fc    00000088     stubs.o (.text._write)
                  00000284    00000080     driverlib.a : dl_uart.o (.text.DL_UART_configBaudRate)
                  00000304    00000048                 : dl_uart.o (.text.DL_UART_init)
                  0000034c    00000040     libclang_rt.builtins.a : aeabi_uidivmod.S.obj (.text.__aeabi_uidivmod)
                  0000038c    00000030     driverlib.a : dl_uart.o (.text.DL_UART_transmitDataBlocking)
                  000003bc    00000030     main.o (.text.main)
                  000003ec    0000002c     pwned.o (.text.pwned)
                  00000418    00000020     driverlib.a : dl_uart.o (.text.DL_UART_receiveDataBlocking)
                  00000438    00000020     libc.a : boot_cortex_m.c.obj (.text:_c_int00_noinit_noargs)
                  00000458    00000012     driverlib.a : dl_uart.o (.text.DL_UART_setClockConfig)
                  0000046a    0000000a                 : dl_common.o (.text.DL_Common_delayCycles)
                  00000474    00000006     libc.a : exit.c.obj (.text:abort)
                  0000047a    00000004     libsysbm.a : hostexit.c.obj (.text.HOSTexit)
                  0000047e    00000004     startup_mspm0l222x_ticlang.o (.text.Reset_Handler)
                  00000482    00000004     libc.a : pre_init.c.obj (.text._system_pre_init)
                  00000486    00000002     startup_mspm0l222x_ticlang.o (.text.Default_Handler)
                  00000488    00000002     libclang_rt.builtins.a : aeabi_div0.c.obj (.text.__aeabi_idiv0)
                  0000048a    00000006     --HOLE-- [fill = 0]

.cinit     0    00000000    00000000     

.rodata    0    00000490    00000008     
                  00000490    00000007     pwned.o (.rodata.str1.15224374608078079005.1)
                  00000497    00000001     --HOLE-- [fill = 0]

.init_array 
*          0    00000000    00000000     UNINITIALIZED

.binit     0    00000000    00000000     

.stack     0    20007f00    00000100     UNINITIALIZED
                  20007f00    00000004     libc.a : boot_cortex_m.c.obj (.stack)
                  20007f04    000000fc     --HOLE--

__llvm_prf_cnts 
*          0    20000000    00000000     UNINITIALIZED

__llvm_prf_bits 
*          0    20000000    00000000     UNINITIALIZED

MODULE SUMMARY

       Module                         code   ro data   rw data
       ------                         ----   -------   -------
    build/pc_test/
       main.o                         48     0         0      
    +--+------------------------------+------+---------+---------+
       Total:                         48     0         0      
                                                              
    build/shared/
       stubs.o                        452    0         0      
       startup_mspm0l222x_ticlang.o   6      192       0      
       pwned.o                        44     7         0      
    +--+------------------------------+------+---------+---------+
       Total:                         502    199       0      
                                                              
    /opt/mspm0-sdk-mspm0_sdk_2_06_00_05/source/ti/driverlib/lib/ticlang/m0p/mspm0l122x_l222x/driverlib.a
       dl_uart.o                      298    0         0      
       dl_common.o                    10     0         0      
    +--+------------------------------+------+---------+---------+
       Total:                         308    0         0      
                                                              
    /opt/ti-cgt-armllvm_4.0.3.LTS/lib/armv6m-ti-none-eabi/c/libc.a
       boot_cortex_m.c.obj            32     0         0      
       exit.c.obj                     6      0         0      
       pre_init.c.obj                 4      0         0      
    +--+------------------------------+------+---------+---------+
       Total:                         42     0         0      
                                                              
    /opt/ti-cgt-armllvm_4.0.3.LTS/lib/armv6m-ti-none-eabi/c/libsysbm.a
       hostexit.c.obj                 4      0         0      
    +--+------------------------------+------+---------+---------+
       Total:                         4      0         0      
                                                              
    /opt/ti-cgt-armllvm_4.0.3.LTS/lib/armv6m-ti-none-eabi/libclang_rt.builtins.a
       aeabi_uidivmod.S.obj           64     0         0      
       aeabi_div0.c.obj               2      0         0      
    +--+------------------------------+------+---------+---------+
       Total:                         66     0         0      
                                                              
       Stack:                         0      0         256    
    +--+------------------------------+------+---------+---------+
       Grand Total:                   970    199       256    


GLOBAL SYMBOLS: SORTED ALPHABETICALLY BY Name 

address   name                        
-------   ----                        
00000487  ADC0_IRQHandler             
00000487  AESADV_IRQHandler           
0000047a  C$$EXIT                     
0000046b  DL_Common_delayCycles       
00000285  DL_UART_configBaudRate      
00000305  DL_UART_init                
00000419  DL_UART_receiveDataBlocking 
00000459  DL_UART_setClockConfig      
0000038d  DL_UART_transmitDataBlocking
00000487  DMA_IRQHandler              
00000487  Default_Handler             
00000487  GROUP0_IRQHandler           
00000487  GROUP1_IRQHandler           
0000047b  HOSTexit                    
00000487  HardFault_Handler           
00000487  I2C0_IRQHandler             
00000487  I2C1_IRQHandler             
00000487  I2C2_IRQHandler             
00000487  LCD_IRQHandler              
00000487  LFSS_IRQHandler             
00000487  NMI_Handler                 
00000487  PendSV_Handler              
0000047f  Reset_Handler               
00000487  SPI0_IRQHandler             
00000487  SPI1_IRQHandler             
00000487  SVC_Handler                 
00000487  SysTick_Handler             
00000487  TIMA0_IRQHandler            
00000487  TIMG0_IRQHandler            
00000487  TIMG12_IRQHandler           
00000487  TIMG4_IRQHandler            
00000487  TIMG5_IRQHandler            
00000487  TIMG8_IRQHandler            
00000487  UART0_IRQHandler            
00000487  UART1_IRQHandler            
00000487  UART2_IRQHandler            
00000487  UART3_IRQHandler            
00000487  UART4_IRQHandler            
20008000  __STACK_END                 
00000100  __STACK_SIZE                
00000000  __TI_ATRegion0_region_sz    
00000000  __TI_ATRegion0_src_addr     
00000000  __TI_ATRegion0_trg_addr     
00000000  __TI_ATRegion1_region_sz    
00000000  __TI_ATRegion1_src_addr     
00000000  __TI_ATRegion1_trg_addr     
00000000  __TI_ATRegion2_region_sz    
00000000  __TI_ATRegion2_src_addr     
00000000  __TI_ATRegion2_trg_addr     
00000000  __TI_CINIT_Base             
00000000  __TI_CINIT_Limit            
00000000  __TI_CINIT_Warm             
ffffffff  __TI_pprof_out_hndl         
ffffffff  __TI_prof_data_size         
ffffffff  __TI_prof_data_start        
00000000  __TI_static_base__          
00000489  __aeabi_idiv0               
0000034d  __aeabi_uidiv               
0000034d  __aeabi_uidivmod            
ffffffff  __binit__                   
UNDEFED   __mpu_init                  
20007f00  __stack                     
20000000  __start___llvm_prf_bits     
20000000  __start___llvm_prf_cnts     
20000000  __stop___llvm_prf_bits      
20000000  __stop___llvm_prf_cnts      
00000439  _c_int00_noinit_noargs      
00000175  _read                       
00000483  _system_pre_init            
000001fd  _write                      
00000475  abort                       
ffffffff  binit                       
000000c1  init_device                 
00000000  interruptVectors            
000003bd  main                        
000003ed  pwned                       


GLOBAL SYMBOLS: SORTED BY Symbol Address 

address   name                        
-------   ----                        
00000000  __TI_ATRegion0_region_sz    
00000000  __TI_ATRegion0_src_addr     
00000000  __TI_ATRegion0_trg_addr     
00000000  __TI_ATRegion1_region_sz    
00000000  __TI_ATRegion1_src_addr     
00000000  __TI_ATRegion1_trg_addr     
00000000  __TI_ATRegion2_region_sz    
00000000  __TI_ATRegion2_src_addr     
00000000  __TI_ATRegion2_trg_addr     
00000000  __TI_CINIT_Base             
00000000  __TI_CINIT_Limit            
00000000  __TI_CINIT_Warm             
00000000  __TI_static_base__          
00000000  interruptVectors            
000000c1  init_device                 
00000100  __STACK_SIZE                
00000175  _read                       
000001fd  _write                      
00000285  DL_UART_configBaudRate      
00000305  DL_UART_init                
0000034d  __aeabi_uidiv               
0000034d  __aeabi_uidivmod            
0000038d  DL_UART_transmitDataBlocking
000003bd  main                        
000003ed  pwned                       
00000419  DL_UART_receiveDataBlocking 
00000439  _c_int00_noinit_noargs      
00000459  DL_UART_setClockConfig      
0000046b  DL_Common_delayCycles       
00000475  abort                       
0000047a  C$$EXIT                     
0000047b  HOSTexit                    
0000047f  Reset_Handler               
00000483  _system_pre_init            
00000487  ADC0_IRQHandler             
00000487  AESADV_IRQHandler           
00000487  DMA_IRQHandler              
00000487  Default_Handler             
00000487  GROUP0_IRQHandler           
00000487  GROUP1_IRQHandler           
00000487  HardFault_Handler           
00000487  I2C0_IRQHandler             
00000487  I2C1_IRQHandler             
00000487  I2C2_IRQHandler             
00000487  LCD_IRQHandler              
00000487  LFSS_IRQHandler             
00000487  NMI_Handler                 
00000487  PendSV_Handler              
00000487  SPI0_IRQHandler             
00000487  SPI1_IRQHandler             
00000487  SVC_Handler                 
00000487  SysTick_Handler             
00000487  TIMA0_IRQHandler            
00000487  TIMG0_IRQHandler            
00000487  TIMG12_IRQHandler           
00000487  TIMG4_IRQHandler            
00000487  TIMG5_IRQHandler            
00000487  TIMG8_IRQHandler            
00000487  UART0_IRQHandler            
00000487  UART1_IRQHandler            
00000487  UART2_IRQHandler            
00000487  UART3_IRQHandler            
00000487  UART4_IRQHandler            
00000489  __aeabi_idiv0               
20000000  __start___llvm_prf_bits     
20000000  __start___llvm_prf_cnts     
20000000  __stop___llvm_prf_bits      
20000000  __stop___llvm_prf_cnts      
20007f00  __stack                     
20008000  __STACK_END                 
ffffffff  __TI_pprof_out_hndl         
ffffffff  __TI_prof_data_size         
ffffffff  __TI_prof_data_start        
ffffffff  __binit__                   
ffffffff  binit                       
UNDEFED   __mpu_init                  

[76 symbols]
