******************************************************************************
            TI ARM Clang Linker Unix v4.0.3                    
******************************************************************************
>> Linked Fri Jun  5 19:47:48 2026

OUTPUT FILE NAME:   <build/pc_test/pc_test.elf>
ENTRY POINT SYMBOL: "_c_int00_noinit_noargs"  address: 0000040d


MEMORY CONFIGURATION

         name            origin    length      used     unused   attr    fill
----------------------  --------  ---------  --------  --------  ----  --------
  FLASH                 00000000   00040000  00000478  0003fb88  R  X
  SRAM                  20000000   00008000  00000100  00007f00  RW X
  BCR_CONFIG            41c00000   000000ff  00000000  000000ff  R   
  BSL_CONFIG            41c00100   00000080  00000000  00000080  R   


SEGMENT ALLOCATION MAP

run origin  load origin   length   init length attrs members
----------  ----------- ---------- ----------- ----- -------
00000000    00000000    00000478   00000478    r-x
  00000000    00000000    000000c0   000000c0    r-- .intvecs
  000000c0    000000c0    000003b0   000003b0    r-x .text
  00000470    00000470    00000008   00000008    r-- .rodata
20007f00    20007f00    00000100   00000000    rw-
  20007f00    20007f00    00000100   00000000    rw- .stack


SECTION ALLOCATION MAP

 output                                  attributes/
section   page    origin      length       input sections
--------  ----  ----------  ----------   ----------------
.intvecs   0    00000000    000000c0     
                  00000000    000000c0     startup_mspm0l222x_ticlang.o (.intvecs)

.text      0    000000c0    000003b0     
                  000000c0    000000b4     stubs.o (.text.init_device)
                  00000174    00000088     stubs.o (.text._read)
                  000001fc    00000088     stubs.o (.text._write)
                  00000284    00000080     driverlib.a : dl_uart.o (.text.DL_UART_configBaudRate)
                  00000304    00000048                 : dl_uart.o (.text.DL_UART_init)
                  0000034c    00000040     libclang_rt.builtins.a : aeabi_uidivmod.S.obj (.text.__aeabi_uidivmod)
                  0000038c    00000030     driverlib.a : dl_uart.o (.text.DL_UART_transmitDataBlocking)
                  000003bc    00000030     main.o (.text.main)
                  000003ec    00000020     driverlib.a : dl_uart.o (.text.DL_UART_receiveDataBlocking)
                  0000040c    00000020     libc.a : boot_cortex_m.c.obj (.text:_c_int00_noinit_noargs)
                  0000042c    00000012     driverlib.a : dl_uart.o (.text.DL_UART_setClockConfig)
                  0000043e    00000002     startup_mspm0l222x_ticlang.o (.text.Default_Handler)
                  00000440    00000010     pwned.o (.text.pwned)
                  00000450    0000000a     driverlib.a : dl_common.o (.text.DL_Common_delayCycles)
                  0000045a    00000006     libc.a : exit.c.obj (.text:abort)
                  00000460    00000004     libsysbm.a : hostexit.c.obj (.text.HOSTexit)
                  00000464    00000004     startup_mspm0l222x_ticlang.o (.text.Reset_Handler)
                  00000468    00000004     libc.a : pre_init.c.obj (.text._system_pre_init)
                  0000046c    00000002     libclang_rt.builtins.a : aeabi_div0.c.obj (.text.__aeabi_idiv0)
                  0000046e    00000002     --HOLE-- [fill = 0]

.cinit     0    00000000    00000000     

.rodata    0    00000470    00000008     
                  00000470    00000007     pwned.o (.rodata.str1.15224374608078079005.1)
                  00000477    00000001     --HOLE-- [fill = 0]

.init_array 
*          0    00000000    00000000     UNINITIALIZED

.binit     0    00000000    00000000     

.stack     0    20007f00    00000100     UNINITIALIZED
                  20007f00    00000004     libc.a : boot_cortex_m.c.obj (.stack)
                  20007f04    000000fc     --HOLE--

__llvm_prf_cnts 
*          0    20000000    00000000     UNINITIALIZED

__llvm_prf_bits 
*          0    20000000    00000000     UNINITIALIZED

MODULE SUMMARY

       Module                         code   ro data   rw data
       ------                         ----   -------   -------
    build/pc_test/
       main.o                         48     0         0      
    +--+------------------------------+------+---------+---------+
       Total:                         48     0         0      
                                                              
    build/shared/
       stubs.o                        452    0         0      
       startup_mspm0l222x_ticlang.o   6      192       0      
       pwned.o                        16     7         0      
    +--+------------------------------+------+---------+---------+
       Total:                         474    199       0      
                                                              
    /opt/mspm0-sdk-mspm0_sdk_2_06_00_05/source/ti/driverlib/lib/ticlang/m0p/mspm0l122x_l222x/driverlib.a
       dl_uart.o                      298    0         0      
       dl_common.o                    10     0         0      
    +--+------------------------------+------+---------+---------+
       Total:                         308    0         0      
                                                              
    /opt/ti-cgt-armllvm_4.0.3.LTS/lib/armv6m-ti-none-eabi/c/libc.a
       boot_cortex_m.c.obj            32     0         0      
       exit.c.obj                     6      0         0      
       pre_init.c.obj                 4      0         0      
    +--+------------------------------+------+---------+---------+
       Total:                         42     0         0      
                                                              
    /opt/ti-cgt-armllvm_4.0.3.LTS/lib/armv6m-ti-none-eabi/c/libsysbm.a
       hostexit.c.obj                 4      0         0      
    +--+------------------------------+------+---------+---------+
       Total:                         4      0         0      
                                                              
    /opt/ti-cgt-armllvm_4.0.3.LTS/lib/armv6m-ti-none-eabi/libclang_rt.builtins.a
       aeabi_uidivmod.S.obj           64     0         0      
       aeabi_div0.c.obj               2      0         0      
    +--+------------------------------+------+---------+---------+
       Total:                         66     0         0      
                                                              
       Stack:                         0      0         256    
    +--+------------------------------+------+---------+---------+
       Grand Total:                   942    199       256    


GLOBAL SYMBOLS: SORTED ALPHABETICALLY BY Name 

address   name                        
-------   ----                        
0000043f  ADC0_IRQHandler             
0000043f  AESADV_IRQHandler           
00000460  C$$EXIT                     
00000451  DL_Common_delayCycles       
00000285  DL_UART_configBaudRate      
00000305  DL_UART_init                
000003ed  DL_UART_receiveDataBlocking 
0000042d  DL_UART_setClockConfig      
0000038d  DL_UART_transmitDataBlocking
0000043f  DMA_IRQHandler              
0000043f  Default_Handler             
0000043f  GROUP0_IRQHandler           
0000043f  GROUP1_IRQHandler           
00000461  HOSTexit                    
0000043f  HardFault_Handler           
0000043f  I2C0_IRQHandler             
0000043f  I2C1_IRQHandler             
0000043f  I2C2_IRQHandler             
0000043f  LCD_IRQHandler              
0000043f  LFSS_IRQHandler             
0000043f  NMI_Handler                 
0000043f  PendSV_Handler              
00000465  Reset_Handler               
0000043f  SPI0_IRQHandler             
0000043f  SPI1_IRQHandler             
0000043f  SVC_Handler                 
0000043f  SysTick_Handler             
0000043f  TIMA0_IRQHandler            
0000043f  TIMG0_IRQHandler            
0000043f  TIMG12_IRQHandler           
0000043f  TIMG4_IRQHandler            
0000043f  TIMG5_IRQHandler            
0000043f  TIMG8_IRQHandler            
0000043f  UART0_IRQHandler            
0000043f  UART1_IRQHandler            
0000043f  UART2_IRQHandler            
0000043f  UART3_IRQHandler            
0000043f  UART4_IRQHandler            
20008000  __STACK_END                 
00000100  __STACK_SIZE                
00000000  __TI_ATRegion0_region_sz    
00000000  __TI_ATRegion0_src_addr     
00000000  __TI_ATRegion0_trg_addr     
00000000  __TI_ATRegion1_region_sz    
00000000  __TI_ATRegion1_src_addr     
00000000  __TI_ATRegion1_trg_addr     
00000000  __TI_ATRegion2_region_sz    
00000000  __TI_ATRegion2_src_addr     
00000000  __TI_ATRegion2_trg_addr     
00000000  __TI_CINIT_Base             
00000000  __TI_CINIT_Limit            
00000000  __TI_CINIT_Warm             
ffffffff  __TI_pprof_out_hndl         
ffffffff  __TI_prof_data_size         
ffffffff  __TI_prof_data_start        
00000000  __TI_static_base__          
0000046d  __aeabi_idiv0               
0000034d  __aeabi_uidiv               
0000034d  __aeabi_uidivmod            
ffffffff  __binit__                   
UNDEFED   __mpu_init                  
20007f00  __stack                     
20000000  __start___llvm_prf_bits     
20000000  __start___llvm_prf_cnts     
20000000  __stop___llvm_prf_bits      
20000000  __stop___llvm_prf_cnts      
0000040d  _c_int00_noinit_noargs      
00000175  _read                       
00000469  _system_pre_init            
000001fd  _write                      
0000045b  abort                       
ffffffff  binit                       
000000c1  init_device                 
00000000  interruptVectors            
000003bd  main                        
00000441  pwned                       


GLOBAL SYMBOLS: SORTED BY Symbol Address 

address   name                        
-------   ----                        
00000000  __TI_ATRegion0_region_sz    
00000000  __TI_ATRegion0_src_addr     
00000000  __TI_ATRegion0_trg_addr     
00000000  __TI_ATRegion1_region_sz    
00000000  __TI_ATRegion1_src_addr     
00000000  __TI_ATRegion1_trg_addr     
00000000  __TI_ATRegion2_region_sz    
00000000  __TI_ATRegion2_src_addr     
00000000  __TI_ATRegion2_trg_addr     
00000000  __TI_CINIT_Base             
00000000  __TI_CINIT_Limit            
00000000  __TI_CINIT_Warm             
00000000  __TI_static_base__          
00000000  interruptVectors            
000000c1  init_device                 
00000100  __STACK_SIZE                
00000175  _read                       
000001fd  _write                      
00000285  DL_UART_configBaudRate      
00000305  DL_UART_init                
0000034d  __aeabi_uidiv               
0000034d  __aeabi_uidivmod            
0000038d  DL_UART_transmitDataBlocking
000003bd  main                        
000003ed  DL_UART_receiveDataBlocking 
0000040d  _c_int00_noinit_noargs      
0000042d  DL_UART_setClockConfig      
0000043f  ADC0_IRQHandler             
0000043f  AESADV_IRQHandler           
0000043f  DMA_IRQHandler              
0000043f  Default_Handler             
0000043f  GROUP0_IRQHandler           
0000043f  GROUP1_IRQHandler           
0000043f  HardFault_Handler           
0000043f  I2C0_IRQHandler             
0000043f  I2C1_IRQHandler             
0000043f  I2C2_IRQHandler             
0000043f  LCD_IRQHandler              
0000043f  LFSS_IRQHandler             
0000043f  NMI_Handler                 
0000043f  PendSV_Handler              
0000043f  SPI0_IRQHandler             
0000043f  SPI1_IRQHandler             
0000043f  SVC_Handler                 
0000043f  SysTick_Handler             
0000043f  TIMA0_IRQHandler            
0000043f  TIMG0_IRQHandler            
0000043f  TIMG12_IRQHandler           
0000043f  TIMG4_IRQHandler            
0000043f  TIMG5_IRQHandler            
0000043f  TIMG8_IRQHandler            
0000043f  UART0_IRQHandler            
0000043f  UART1_IRQHandler            
0000043f  UART2_IRQHandler            
0000043f  UART3_IRQHandler            
0000043f  UART4_IRQHandler            
00000441  pwned                       
00000451  DL_Common_delayCycles       
0000045b  abort                       
00000460  C$$EXIT                     
00000461  HOSTexit                    
00000465  Reset_Handler               
00000469  _system_pre_init            
0000046d  __aeabi_idiv0               
20000000  __start___llvm_prf_bits     
20000000  __start___llvm_prf_cnts     
20000000  __stop___llvm_prf_bits      
20000000  __stop___llvm_prf_cnts      
20007f00  __stack                     
20008000  __STACK_END                 
ffffffff  __TI_pprof_out_hndl         
ffffffff  __TI_prof_data_size         
ffffffff  __TI_prof_data_start        
ffffffff  __binit__                   
ffffffff  binit                       
UNDEFED   __mpu_init                  

[76 symbols]
